TelemetriaClient.exe: 00002460: 10:18:02 []:>--------------------------------------------------------------<
TelemetriaClient.exe: 00002460: 10:18:02 [TUniServerModule]:Server First Init.
TelemetriaClient.exe: 00002460: 10:18:02 [TUniServerModule]:Start Path = C:\yusag\PROJECTS\telemetria\telemetria-client\Win32\Debug\
TelemetriaClient.exe: 00002460: 10:18:02 [TUniGUISessionManager]:Cache erase job created, Folder count: [1]
TelemetriaClient.exe: 00002460: 10:18:02 [TUniServerModule]:Starting HTTP Server on Port: 8077...
TelemetriaClient.exe: 00002460: 10:18:02 [TUniServerModule]:HTTP Server Started on Port: 8077
TelemetriaClient.exe: 0000293C: 10:23:37 [HandleFileRequest[127.0.0.1]]:File not found: C:\yusag\PROJECTS\telemetria\telemetria-client\Win32\Debug\.well-known\appspecific\com.chrome.devtools.json
TelemetriaClient.exe: 00002460: 10:31:29 [TUniServerModule]:Shutting Down Server.
TelemetriaClient.exe: 00002460: 10:31:29 [TUniServerModule]:Stopping HTTP Server.
TelemetriaClient.exe: 00002460: 10:31:30 [TUniServerModule]:HTTP Server Stopped.
TelemetriaClient.exe: 00002460: 10:31:30 [TUniGUISessionManager]:Terminating Session manager.
TelemetriaClient.exe: 00002460: 10:31:30 [TUniGUISessionManager]:Stopping Cache Eraser...
TelemetriaClient.exe: 00002460: 10:31:30 [TUniGUISessionManager]:Cache Eraser Stopped.
TelemetriaClient.exe: 00002460: 10:31:30 [TUniGUISessionManager]:Destroying Worker Threads.
TelemetriaClient.exe: 00002460: 10:31:30 [TUniGUISessionManager]:Session manager terminated.
TelemetriaClient.exe: 00002460: 10:31:30 [TUniWebSocketStack]:Terminating...
TelemetriaClient.exe: 00002460: 10:31:30 [TUniGUIMessageQ]:Terminated.
TelemetriaClient.exe: 00002460: 10:31:30 [TUniWebSocketStack]:Terminated.
TelemetriaClient.exe: 00002460: 10:31:30 [TUniServerModule]:Server Shutdown Completed.
TelemetriaClient.exe: 00002460: 10:31:30 []:<-------------------------------------------------------------->
TelemetriaClient.exe: 00005EB0: 10:42:58 []:>--------------------------------------------------------------<
TelemetriaClient.exe: 00005EB0: 10:42:58 [TUniServerModule]:Server First Init.
TelemetriaClient.exe: 00005EB0: 10:42:58 [TUniServerModule]:Start Path = C:\yusag\PROJECTS\telemetria\telemetria-client\Win32\Debug\
TelemetriaClient.exe: 00005EB0: 10:42:58 [TUniGUISessionManager]:Cache erase job created, Folder count: [1]
TelemetriaClient.exe: 00005EB0: 10:42:58 [TUniServerModule]:Starting HTTP Server on Port: 8077...
TelemetriaClient.exe: 00005EB0: 10:42:58 [TUniServerModule]:HTTP Server Started on Port: 8077
TelemetriaClient.exe: 00003024: 10:43:00 [127.0.0.1]:EUniSessionException : Invalid session or session Timeout. (Session not found: ztV5CMPgKA112CDC6AA ) : Addr: $00C207DB
TelemetriaClient.exe: 00003024: 10:43:07 [HandleFileRequest[127.0.0.1]]:File not found: C:\yusag\PROJECTS\telemetria\telemetria-client\Win32\Debug\.well-known\appspecific\com.chrome.devtools.json
TelemetriaClient.exe: 000039A4: 10:43:28 [HandleFileRequest[127.0.0.1]]:File not found: C:\yusag\PROJECTS\telemetria\telemetria-client\Win32\Debug\.well-known\appspecific\com.chrome.devtools.json
TelemetriaClient.exe: 00002874: 10:43:32 [HandleFileRequest[127.0.0.1]]:File not found: C:\yusag\PROJECTS\telemetria\telemetria-client\Win32\Debug\.well-known\appspecific\com.chrome.devtools.json
TelemetriaClient.exe: 00005EB0: 10:46:01 [TUniServerModule]:Shutting Down Server.
TelemetriaClient.exe: 00005EB0: 10:46:01 [TUniServerModule]:Stopping HTTP Server.
TelemetriaClient.exe: 00005EB0: 10:46:02 [TUniServerModule]:HTTP Server Stopped.
TelemetriaClient.exe: 00005EB0: 10:46:02 [TUniGUISessionManager]:Terminating Session manager.
TelemetriaClient.exe: 00005EB0: 10:46:02 [TUniGUISessionManager]:Stopping Cache Eraser...
TelemetriaClient.exe: 00005EB0: 10:46:02 [TUniGUISessionManager]:Cache Eraser Stopped.
TelemetriaClient.exe: 00005EB0: 10:46:03 [TUniGUISessionManager]:Destroying Worker Threads.
TelemetriaClient.exe: 00005EB0: 10:46:03 [TUniGUISessionManager]:Session manager terminated.
TelemetriaClient.exe: 00005EB0: 10:46:03 [TUniWebSocketStack]:Terminating...
TelemetriaClient.exe: 00005EB0: 10:46:03 [TUniGUIMessageQ]:Terminated.
TelemetriaClient.exe: 00005EB0: 10:46:03 [TUniWebSocketStack]:Terminated.
TelemetriaClient.exe: 00005EB0: 10:46:03 [TUniServerModule]:Server Shutdown Completed.
TelemetriaClient.exe: 00005EB0: 10:46:03 []:<-------------------------------------------------------------->
TelemetriaClient.exe: 00000C90: 10:46:07 []:>--------------------------------------------------------------<
TelemetriaClient.exe: 00000C90: 10:46:07 [TUniServerModule]:Server First Init.
TelemetriaClient.exe: 00000C90: 10:46:07 [TUniServerModule]:Start Path = C:\yusag\PROJECTS\telemetria\telemetria-client\Win32\Debug\
TelemetriaClient.exe: 00000C90: 10:46:07 [TUniGUISessionManager]:Cache erase job created, Folder count: [1]
TelemetriaClient.exe: 00000C90: 10:46:07 [TUniServerModule]:Starting HTTP Server on Port: 8077...
TelemetriaClient.exe: 00000C90: 10:46:07 [TUniServerModule]:HTTP Server Started on Port: 8077
TelemetriaClient.exe: 00003784: 10:46:09 [127.0.0.1]:EUniSessionException : Invalid session or session Timeout. (Session not found: P1LCVziUqH112CDCDF6 ) : Addr: $009307DB
TelemetriaClient.exe: 00000C90: 10:46:37 [TUniServerModule]:Shutting Down Server.
TelemetriaClient.exe: 00000C90: 10:46:37 [TUniServerModule]:Stopping HTTP Server.
TelemetriaClient.exe: 00000C90: 10:46:38 [TUniServerModule]:HTTP Server Stopped.
TelemetriaClient.exe: 00000C90: 10:46:38 [TUniGUISessionManager]:Terminating Session manager.
TelemetriaClient.exe: 00000C90: 10:46:38 [TUniGUISessionManager]:Stopping Cache Eraser...
TelemetriaClient.exe: 00000C90: 10:46:38 [TUniGUISessionManager]:Cache Eraser Stopped.
TelemetriaClient.exe: 00000C90: 10:46:38 [TUniGUISessionManager]:Destroying Worker Threads.
TelemetriaClient.exe: 00000C90: 10:46:38 [TUniGUISessionManager]:Session manager terminated.
TelemetriaClient.exe: 00000C90: 10:46:38 [TUniWebSocketStack]:Terminating...
TelemetriaClient.exe: 00000C90: 10:46:38 [TUniGUIMessageQ]:Terminated.
TelemetriaClient.exe: 00000C90: 10:46:38 [TUniWebSocketStack]:Terminated.
TelemetriaClient.exe: 00000C90: 10:46:39 [TUniServerModule]:Server Shutdown Completed.
TelemetriaClient.exe: 00000C90: 10:46:39 []:<-------------------------------------------------------------->
TelemetriaClient.exe: 00002404: 10:46:42 []:>--------------------------------------------------------------<
TelemetriaClient.exe: 00002404: 10:46:42 [TUniServerModule]:Server First Init.
TelemetriaClient.exe: 00002404: 10:46:42 [TUniServerModule]:Start Path = C:\yusag\PROJECTS\telemetria\telemetria-client\Win32\Debug\
TelemetriaClient.exe: 00002404: 10:46:42 [TUniGUISessionManager]:Cache erase job created, Folder count: [1]
TelemetriaClient.exe: 00002404: 10:46:42 [TUniServerModule]:Starting HTTP Server on Port: 8077...
TelemetriaClient.exe: 00002404: 10:46:42 [TUniServerModule]:HTTP Server Started on Port: 8077
TelemetriaClient.exe: 00002AF0: 10:46:43 [127.0.0.1]:EUniSessionException : Invalid session or session Timeout. (Session not found: X9SJ4EGDyp112CDCE48 ) : Addr: $005907DB
TelemetriaClient.exe: 00002404: 10:47:45 [TUniServerModule]:Shutting Down Server.
TelemetriaClient.exe: 00002404: 10:47:45 [TUniServerModule]:Stopping HTTP Server.
TelemetriaClient.exe: 00002404: 10:47:46 [TUniServerModule]:HTTP Server Stopped.
TelemetriaClient.exe: 00002404: 10:47:46 [TUniGUISessionManager]:Terminating Session manager.
TelemetriaClient.exe: 00002404: 10:47:46 [TUniGUISessionManager]:Stopping Cache Eraser...
TelemetriaClient.exe: 00002404: 10:47:46 [TUniGUISessionManager]:Cache Eraser Stopped.
TelemetriaClient.exe: 00002404: 10:47:46 [TUniGUISessionManager]:Destroying Worker Threads.
TelemetriaClient.exe: 00002404: 10:47:46 [TUniGUISessionManager]:Session manager terminated.
TelemetriaClient.exe: 00002404: 10:47:46 [TUniWebSocketStack]:Terminating...
TelemetriaClient.exe: 00002404: 10:47:46 [TUniGUIMessageQ]:Terminated.
TelemetriaClient.exe: 00002404: 10:47:46 [TUniWebSocketStack]:Terminated.
TelemetriaClient.exe: 00002404: 10:47:46 [TUniServerModule]:Server Shutdown Completed.
TelemetriaClient.exe: 00002404: 10:47:46 []:<-------------------------------------------------------------->
TelemetriaClient.exe: 00001C4C: 10:47:55 []:>--------------------------------------------------------------<
TelemetriaClient.exe: 00001C4C: 10:47:55 [TUniServerModule]:Server First Init.
TelemetriaClient.exe: 00001C4C: 10:47:55 [TUniServerModule]:Start Path = C:\yusag\PROJECTS\telemetria\telemetria-client\Win32\Debug\
TelemetriaClient.exe: 00001C4C: 10:47:55 [TUniGUISessionManager]:Cache erase job created, Folder count: [1]
TelemetriaClient.exe: 00001C4C: 10:47:55 [TUniServerModule]:Starting HTTP Server on Port: 8077...
TelemetriaClient.exe: 00001C4C: 10:47:55 [TUniServerModule]:HTTP Server Started on Port: 8077
TelemetriaClient.exe: 00003660: 10:47:57 [127.0.0.1]:EUniSessionException : Invalid session or session Timeout. (Session not found: kDh5GuC8i4112CDCE70 ) : Addr: $008D07DB
TelemetriaClient.exe: 00005648: 10:48:03 [HandleFileRequest[127.0.0.1]]:File not found: C:\yusag\PROJECTS\telemetria\telemetria-client\Win32\Debug\.well-known\appspecific\com.chrome.devtools.json
TelemetriaClient.exe: 00001C4C: 10:52:26 [TUniServerModule]:Shutting Down Server.
TelemetriaClient.exe: 00001C4C: 10:52:26 [TUniServerModule]:Stopping HTTP Server.
TelemetriaClient.exe: 00001C4C: 10:52:27 [TUniServerModule]:HTTP Server Stopped.
TelemetriaClient.exe: 00001C4C: 10:52:27 [TUniGUISessionManager]:Terminating Session manager.
TelemetriaClient.exe: 00001C4C: 10:52:27 [TUniGUISessionManager]:Stopping Cache Eraser...
TelemetriaClient.exe: 00001C4C: 10:52:28 [TUniGUISessionManager]:Cache Eraser Stopped.
TelemetriaClient.exe: 00001C4C: 10:52:28 [TUniGUISessionManager]:Destroying Worker Threads.
TelemetriaClient.exe: 00001C4C: 10:52:28 [TUniGUISessionManager]:Session manager terminated.
TelemetriaClient.exe: 00001C4C: 10:52:28 [TUniWebSocketStack]:Terminating...
TelemetriaClient.exe: 00001C4C: 10:52:28 [TUniGUIMessageQ]:Terminated.
TelemetriaClient.exe: 00001C4C: 10:52:28 [TUniWebSocketStack]:Terminated.
TelemetriaClient.exe: 00001C4C: 10:52:28 [TUniServerModule]:Server Shutdown Completed.
TelemetriaClient.exe: 00001C4C: 10:52:28 []:<-------------------------------------------------------------->
TelemetriaClient.exe: 00005124: 10:52:28 []:>--------------------------------------------------------------<
TelemetriaClient.exe: 00005124: 10:52:28 [TUniServerModule]:Server First Init.
TelemetriaClient.exe: 00005124: 10:52:28 [TUniServerModule]:Start Path = C:\yusag\PROJECTS\telemetria\telemetria-client\Win32\Debug\
TelemetriaClient.exe: 00005124: 10:52:28 [TUniGUISessionManager]:Cache erase job created, Folder count: [1]
TelemetriaClient.exe: 00005124: 10:52:29 [TUniServerModule]:Starting HTTP Server on Port: 8077...
TelemetriaClient.exe: 00005124: 10:52:29 [TUniServerModule]:HTTP Server Started on Port: 8077
TelemetriaClient.exe: 00005F30: 10:52:31 [127.0.0.1]:EUniSessionException : Invalid session or session Timeout. (Session not found: P5sVjWGqQK112CDCF05 ) : Addr: $0139BC3F
TelemetriaClient.exe: 00003AE8: 10:52:31 [127.0.0.1]:EUniSessionException : Invalid session or session Timeout. (Session not found: P5sVjWGqQK112CDCF05 ) : Addr: $0139BC3F
TelemetriaClient.exe: 00005124: 10:54:53 [TUniServerModule]:Shutting Down Server.
TelemetriaClient.exe: 00005124: 10:54:53 [TUniServerModule]:Stopping HTTP Server.
TelemetriaClient.exe: 00005124: 10:54:54 [TUniServerModule]:HTTP Server Stopped.
TelemetriaClient.exe: 00005124: 10:54:54 [TUniGUISessionManager]:Terminating Session manager.
TelemetriaClient.exe: 00005124: 10:54:54 [TUniGUISessionManager]:Stopping Cache Eraser...
TelemetriaClient.exe: 00005124: 10:54:54 [TUniGUISessionManager]:Cache Eraser Stopped.
TelemetriaClient.exe: 00005124: 10:54:54 [TUniGUISessionManager]:Destroying Worker Threads.
TelemetriaClient.exe: 00005124: 10:54:54 [TUniGUISessionManager]:Session manager terminated.
TelemetriaClient.exe: 00005124: 10:54:54 [TUniWebSocketStack]:Terminating...
TelemetriaClient.exe: 00005124: 10:54:54 [TUniGUIMessageQ]:Terminated.
TelemetriaClient.exe: 00005124: 10:54:54 [TUniWebSocketStack]:Terminated.
TelemetriaClient.exe: 00005124: 10:54:54 [TUniServerModule]:Server Shutdown Completed.
TelemetriaClient.exe: 00005124: 10:54:54 []:<-------------------------------------------------------------->
TelemetriaClient.exe: 00005644: 10:54:55 []:>--------------------------------------------------------------<
TelemetriaClient.exe: 00005644: 10:54:55 [TUniServerModule]:Server First Init.
TelemetriaClient.exe: 00005644: 10:54:55 [TUniServerModule]:Start Path = C:\yusag\PROJECTS\telemetria\telemetria-client\Win32\Debug\
TelemetriaClient.exe: 00005644: 10:54:55 [TUniGUISessionManager]:Cache erase job created, Folder count: [1]
TelemetriaClient.exe: 00005644: 10:54:55 [TUniServerModule]:Starting HTTP Server on Port: 8077...
TelemetriaClient.exe: 00005644: 10:54:55 [TUniServerModule]:HTTP Server Started on Port: 8077
TelemetriaClient.exe: 0000590C: 10:54:56 [127.0.0.1]:EUniSessionException : Invalid session or session Timeout. (Session not found: ipvcY7k5Vu112CDD065 ) : Addr: $0086BC3F
TelemetriaClient.exe: 00005644: 10:57:11 [TUniServerModule]:Shutting Down Server.
TelemetriaClient.exe: 00005644: 10:57:11 [TUniServerModule]:Stopping HTTP Server.
TelemetriaClient.exe: 00005644: 10:57:13 [TUniServerModule]:HTTP Server Stopped.
TelemetriaClient.exe: 00005644: 10:57:13 [TUniGUISessionManager]:Terminating Session manager.
TelemetriaClient.exe: 00005644: 10:57:13 [TUniGUISessionManager]:Stopping Cache Eraser...
TelemetriaClient.exe: 00005644: 10:57:13 [TUniGUISessionManager]:Cache Eraser Stopped.
TelemetriaClient.exe: 00005644: 10:57:13 [TUniGUISessionManager]:Destroying Worker Threads.
TelemetriaClient.exe: 00005644: 10:57:13 [TUniGUISessionManager]:Session manager terminated.
TelemetriaClient.exe: 00005644: 10:57:13 [TUniWebSocketStack]:Terminating...
TelemetriaClient.exe: 00005644: 10:57:13 [TUniGUIMessageQ]:Terminated.
TelemetriaClient.exe: 00005644: 10:57:13 [TUniWebSocketStack]:Terminated.
TelemetriaClient.exe: 00005644: 10:57:13 [TUniServerModule]:Server Shutdown Completed.
TelemetriaClient.exe: 00005644: 10:57:13 []:<-------------------------------------------------------------->
TelemetriaClient.exe: 00005E34: 10:57:13 []:>--------------------------------------------------------------<
TelemetriaClient.exe: 00005E34: 10:57:13 [TUniServerModule]:Server First Init.
TelemetriaClient.exe: 00005E34: 10:57:13 [TUniServerModule]:Start Path = C:\yusag\PROJECTS\telemetria\telemetria-client\Win32\Debug\
TelemetriaClient.exe: 00005E34: 10:57:13 [TUniGUISessionManager]:Cache erase job created, Folder count: [1]
TelemetriaClient.exe: 00005E34: 10:57:14 [TUniServerModule]:Starting HTTP Server on Port: 8077...
TelemetriaClient.exe: 00005E34: 10:57:14 [TUniServerModule]:HTTP Server Started on Port: 8077
TelemetriaClient.exe: 00005038: 10:57:15 [127.0.0.1]:EUniSessionException : Invalid session or session Timeout. (Session not found: AntvnsSgUd112CDD0AA ) : Addr: $00C9BC3F
TelemetriaClient.exe: 00005E34: 10:57:26 [TUniServerModule]:Shutting Down Server.
TelemetriaClient.exe: 00005E34: 10:57:26 [TUniServerModule]:Stopping HTTP Server.
TelemetriaClient.exe: 00005E34: 10:57:27 [TUniServerModule]:HTTP Server Stopped.
TelemetriaClient.exe: 00005E34: 10:57:27 [TUniGUISessionManager]:Terminating Session manager.
TelemetriaClient.exe: 00005E34: 10:57:27 [TUniGUISessionManager]:Stopping Cache Eraser...
TelemetriaClient.exe: 00005E34: 10:57:27 [TUniGUISessionManager]:Cache Eraser Stopped.
TelemetriaClient.exe: 00005E34: 10:57:27 [TUniGUISessionManager]:Destroying Worker Threads.
TelemetriaClient.exe: 00005E34: 10:57:27 [TUniGUISessionManager]:Session manager terminated.
TelemetriaClient.exe: 00005E34: 10:57:27 [TUniWebSocketStack]:Terminating...
TelemetriaClient.exe: 00005E34: 10:57:27 [TUniGUIMessageQ]:Terminated.
TelemetriaClient.exe: 00005E34: 10:57:27 [TUniWebSocketStack]:Terminated.
TelemetriaClient.exe: 00005E34: 10:57:27 [TUniServerModule]:Server Shutdown Completed.
TelemetriaClient.exe: 00005E34: 10:57:27 []:<-------------------------------------------------------------->
TelemetriaClient.exe: 00004280: 10:57:28 []:>--------------------------------------------------------------<
TelemetriaClient.exe: 00004280: 10:57:28 [TUniServerModule]:Server First Init.
TelemetriaClient.exe: 00004280: 10:57:28 [TUniServerModule]:Start Path = C:\yusag\PROJECTS\telemetria\telemetria-client\Win32\Debug\
TelemetriaClient.exe: 00004280: 10:57:28 [TUniGUISessionManager]:Cache erase job created, Folder count: [1]
TelemetriaClient.exe: 00004280: 10:57:28 [TUniServerModule]:Starting HTTP Server on Port: 8077...
TelemetriaClient.exe: 00004280: 10:57:28 [TUniServerModule]:HTTP Server Started on Port: 8077
TelemetriaClient.exe: 00004280: 10:57:48 [TUniServerModule]:Shutting Down Server.
TelemetriaClient.exe: 00004280: 10:57:48 [TUniServerModule]:Stopping HTTP Server.
TelemetriaClient.exe: 00004280: 10:57:49 [TUniServerModule]:HTTP Server Stopped.
TelemetriaClient.exe: 00004280: 10:57:49 [TUniGUISessionManager]:Terminating Session manager.
TelemetriaClient.exe: 00004280: 10:57:49 [TUniGUISessionManager]:Stopping Cache Eraser...
TelemetriaClient.exe: 00004280: 10:57:49 [TUniGUISessionManager]:Cache Eraser Stopped.
TelemetriaClient.exe: 00004280: 10:57:49 [TUniGUISessionManager]:Destroying Worker Threads.
TelemetriaClient.exe: 00004280: 10:57:49 [TUniGUISessionManager]:Session manager terminated.
TelemetriaClient.exe: 00004280: 10:57:49 [TUniWebSocketStack]:Terminating...
TelemetriaClient.exe: 00004280: 10:57:49 [TUniGUIMessageQ]:Terminated.
TelemetriaClient.exe: 00004280: 10:57:49 [TUniWebSocketStack]:Terminated.
TelemetriaClient.exe: 00004280: 10:57:49 [TUniServerModule]:Server Shutdown Completed.
TelemetriaClient.exe: 00004280: 10:57:49 []:<-------------------------------------------------------------->
TelemetriaClient.exe: 0000396C: 10:57:50 []:>--------------------------------------------------------------<
TelemetriaClient.exe: 0000396C: 10:57:50 [TUniServerModule]:Server First Init.
TelemetriaClient.exe: 0000396C: 10:57:50 [TUniServerModule]:Start Path = C:\yusag\PROJECTS\telemetria\telemetria-client\Win32\Debug\
TelemetriaClient.exe: 0000396C: 10:57:50 [TUniGUISessionManager]:Cache erase job created, Folder count: [1]
TelemetriaClient.exe: 0000396C: 10:57:50 [TUniServerModule]:Starting HTTP Server on Port: 8077...
TelemetriaClient.exe: 0000396C: 10:57:50 [TUniServerModule]:HTTP Server Started on Port: 8077
TelemetriaClient.exe: 00005B5C: 10:58:01 [HandleFileRequest[127.0.0.1]]:File not found: C:\yusag\PROJECTS\telemetria\telemetria-client\Win32\Debug\.well-known\appspecific\com.chrome.devtools.json
TelemetriaClient.exe: 0000396C: 11:12:21 [TUniServerModule]:Shutting Down Server.
TelemetriaClient.exe: 0000396C: 11:12:21 [TUniServerModule]:Stopping HTTP Server.
TelemetriaClient.exe: 0000396C: 11:12:21 [TUniServerModule]:HTTP Server Stopped.
TelemetriaClient.exe: 0000396C: 11:12:21 [TUniGUISessionManager]:Terminating Session manager.
TelemetriaClient.exe: 0000396C: 11:12:21 [TUniGUISessionManager]:Stopping Cache Eraser...
TelemetriaClient.exe: 0000396C: 11:12:21 [TUniGUISessionManager]:Cache Eraser Stopped.
TelemetriaClient.exe: 0000396C: 11:12:21 [TUniGUISessionManager]:Destroying Worker Threads.
TelemetriaClient.exe: 0000396C: 11:12:21 [TUniGUISessionManager]:Session manager terminated.
TelemetriaClient.exe: 0000396C: 11:12:21 [TUniWebSocketStack]:Terminating...
TelemetriaClient.exe: 0000396C: 11:12:21 [TUniGUIMessageQ]:Terminated.
TelemetriaClient.exe: 0000396C: 11:12:21 [TUniWebSocketStack]:Terminated.
TelemetriaClient.exe: 0000396C: 11:12:21 [TUniServerModule]:Server Shutdown Completed.
TelemetriaClient.exe: 0000396C: 11:12:21 []:<-------------------------------------------------------------->
TelemetriaClient.exe: 00000A64: 11:12:25 []:>--------------------------------------------------------------<
TelemetriaClient.exe: 00000A64: 11:12:25 [TUniServerModule]:Server First Init.
TelemetriaClient.exe: 00000A64: 11:12:25 [TUniServerModule]:Start Path = C:\yusag\PROJECTS\telemetria\telemetria-client\Win32\Debug\
TelemetriaClient.exe: 00000A64: 11:12:25 [TUniGUISessionManager]:Cache erase job created, Folder count: [1]
TelemetriaClient.exe: 00000A64: 11:12:25 [TUniServerModule]:Starting HTTP Server on Port: 8077...
TelemetriaClient.exe: 00000A64: 11:12:25 [TUniServerModule]:HTTP Server Started on Port: 8077
TelemetriaClient.exe: 000058C0: 11:12:27 [127.0.0.1]:EUniSessionException : Invalid session or session Timeout. (Session not found: VB1Wc2Meql112CDD402 ) : Addr: $0127BC3F
TelemetriaClient.exe: 0000187C: 11:13:46 [HandleFileRequest[127.0.0.1]]:File not found: C:\yusag\PROJECTS\telemetria\telemetria-client\Win32\Debug\.well-known\appspecific\com.chrome.devtools.json
TelemetriaClient.exe: 00000A64: 11:14:43 [TUniServerModule]:Shutting Down Server.
TelemetriaClient.exe: 00000A64: 11:14:43 [TUniServerModule]:Stopping HTTP Server.
TelemetriaClient.exe: 00000A64: 11:14:44 [TUniServerModule]:HTTP Server Stopped.
TelemetriaClient.exe: 00000A64: 11:14:44 [TUniGUISessionManager]:Terminating Session manager.
TelemetriaClient.exe: 00000A64: 11:14:44 [TUniGUISessionManager]:Stopping Cache Eraser...
TelemetriaClient.exe: 00000A64: 11:14:44 [TUniGUISessionManager]:Cache Eraser Stopped.
TelemetriaClient.exe: 00000A64: 11:14:44 [TUniGUISessionManager]:Destroying Worker Threads.
TelemetriaClient.exe: 00000A64: 11:14:44 [TUniGUISessionManager]:Session manager terminated.
TelemetriaClient.exe: 00000A64: 11:14:44 [TUniWebSocketStack]:Terminating...
TelemetriaClient.exe: 00000A64: 11:14:44 [TUniGUIMessageQ]:Terminated.
TelemetriaClient.exe: 00000A64: 11:14:44 [TUniWebSocketStack]:Terminated.
TelemetriaClient.exe: 00000A64: 11:14:44 [TUniServerModule]:Server Shutdown Completed.
TelemetriaClient.exe: 00000A64: 11:14:44 []:<-------------------------------------------------------------->
TelemetriaClient.exe: 00003214: 11:14:45 []:>--------------------------------------------------------------<
TelemetriaClient.exe: 00003214: 11:14:45 [TUniServerModule]:Server First Init.
TelemetriaClient.exe: 00003214: 11:14:45 [TUniServerModule]:Start Path = C:\yusag\PROJECTS\telemetria\telemetria-client\Win32\Debug\
TelemetriaClient.exe: 00003214: 11:14:45 [TUniGUISessionManager]:Cache erase job created, Folder count: [1]
TelemetriaClient.exe: 00003214: 11:14:45 [TUniServerModule]:Starting HTTP Server on Port: 8077...
TelemetriaClient.exe: 00003214: 11:14:45 [TUniServerModule]:HTTP Server Started on Port: 8077
TelemetriaClient.exe: 000027B4: 11:14:46 [127.0.0.1]:EUniSessionException : Invalid session or session Timeout. (Session not found: MujVgiulOy112CDD56A ) : Addr: $00EABC3F
TelemetriaClient.exe: 00003214: 11:16:46 [TUniServerModule]:Shutting Down Server.
TelemetriaClient.exe: 00003214: 11:16:46 [TUniServerModule]:Stopping HTTP Server.
TelemetriaClient.exe: 00003214: 11:16:47 [TUniServerModule]:HTTP Server Stopped.
TelemetriaClient.exe: 00003214: 11:16:47 [TUniGUISessionManager]:Terminating Session manager.
TelemetriaClient.exe: 00003214: 11:16:47 [TUniGUISessionManager]:Stopping Cache Eraser...
TelemetriaClient.exe: 00003214: 11:16:47 [TUniGUISessionManager]:Cache Eraser Stopped.
TelemetriaClient.exe: 00003214: 11:16:47 [TUniGUISessionManager]:Destroying Worker Threads.
TelemetriaClient.exe: 00003214: 11:16:47 [TUniGUISessionManager]:Session manager terminated.
TelemetriaClient.exe: 00003214: 11:16:47 [TUniWebSocketStack]:Terminating...
TelemetriaClient.exe: 00003214: 11:16:47 [TUniGUIMessageQ]:Terminated.
TelemetriaClient.exe: 00003214: 11:16:47 [TUniWebSocketStack]:Terminated.
TelemetriaClient.exe: 00003214: 11:16:48 [TUniServerModule]:Server Shutdown Completed.
TelemetriaClient.exe: 00003214: 11:16:48 []:<-------------------------------------------------------------->
TelemetriaClient.exe: 00004814: 11:16:48 []:>--------------------------------------------------------------<
TelemetriaClient.exe: 00004814: 11:16:48 [TUniServerModule]:Server First Init.
TelemetriaClient.exe: 00004814: 11:16:48 [TUniServerModule]:Start Path = C:\yusag\PROJECTS\telemetria\telemetria-client\Win32\Debug\
TelemetriaClient.exe: 00004814: 11:16:48 [TUniGUISessionManager]:Cache erase job created, Folder count: [1]
TelemetriaClient.exe: 00004814: 11:16:48 [TUniServerModule]:Starting HTTP Server on Port: 8077...
TelemetriaClient.exe: 00004814: 11:16:48 [TUniServerModule]:HTTP Server Started on Port: 8077
TelemetriaClient.exe: 00005C80: 11:16:50 [127.0.0.1]:EUniSessionException : Invalid session or session Timeout. (Session not found: OYggZIJNF7112CDD60C ) : Addr: $00B4BC3F
TelemetriaClient.exe: 00004814: 11:19:27 [TUniServerModule]:Shutting Down Server.
TelemetriaClient.exe: 00004814: 11:19:27 [TUniServerModule]:Stopping HTTP Server.
TelemetriaClient.exe: 00004814: 11:19:28 [TUniServerModule]:HTTP Server Stopped.
TelemetriaClient.exe: 00004814: 11:19:28 [TUniGUISessionManager]:Terminating Session manager.
TelemetriaClient.exe: 00004814: 11:19:28 [TUniGUISessionManager]:Stopping Cache Eraser...
TelemetriaClient.exe: 00004814: 11:19:28 [TUniGUISessionManager]:Cache Eraser Stopped.
TelemetriaClient.exe: 00004814: 11:19:28 [TUniGUISessionManager]:Destroying Worker Threads.
TelemetriaClient.exe: 00004814: 11:19:28 [TUniGUISessionManager]:Session manager terminated.
TelemetriaClient.exe: 00004814: 11:19:28 [TUniWebSocketStack]:Terminating...
TelemetriaClient.exe: 00004814: 11:19:28 [TUniGUIMessageQ]:Terminated.
TelemetriaClient.exe: 00004814: 11:19:28 [TUniWebSocketStack]:Terminated.
TelemetriaClient.exe: 00004814: 11:19:28 [TUniServerModule]:Server Shutdown Completed.
TelemetriaClient.exe: 00004814: 11:19:28 []:<-------------------------------------------------------------->
TelemetriaClient.exe: 00005E68: 11:19:29 []:>--------------------------------------------------------------<
TelemetriaClient.exe: 00005E68: 11:19:29 [TUniServerModule]:Server First Init.
TelemetriaClient.exe: 00005E68: 11:19:29 [TUniServerModule]:Start Path = C:\yusag\PROJECTS\telemetria\telemetria-client\Win32\Debug\
TelemetriaClient.exe: 00005E68: 11:19:29 [TUniGUISessionManager]:Cache erase job created, Folder count: [1]
TelemetriaClient.exe: 00005E68: 11:19:29 [TUniServerModule]:Starting HTTP Server on Port: 8077...
TelemetriaClient.exe: 00005E68: 11:19:29 [TUniServerModule]:HTTP Server Started on Port: 8077
TelemetriaClient.exe: 00000AC8: 11:19:31 [127.0.0.1]:EUniSessionException : Invalid session or session Timeout. (Session not found: 8zOLHWCgpn112CDD69A ) : Addr: $0054BC3F
TelemetriaClient.exe: 00005E68: 11:21:05 [TUniServerModule]:Shutting Down Server.
TelemetriaClient.exe: 00005E68: 11:21:05 [TUniServerModule]:Stopping HTTP Server.
TelemetriaClient.exe: 00005E68: 11:21:06 [TUniServerModule]:HTTP Server Stopped.
TelemetriaClient.exe: 00005E68: 11:21:06 [TUniGUISessionManager]:Terminating Session manager.
TelemetriaClient.exe: 00005E68: 11:21:06 [TUniGUISessionManager]:Stopping Cache Eraser...
TelemetriaClient.exe: 00005E68: 11:21:06 [TUniGUISessionManager]:Cache Eraser Stopped.
TelemetriaClient.exe: 00005E68: 11:21:06 [TUniGUISessionManager]:Destroying Worker Threads.
TelemetriaClient.exe: 00005E68: 11:21:06 [TUniGUISessionManager]:Session manager terminated.
TelemetriaClient.exe: 00005E68: 11:21:06 [TUniWebSocketStack]:Terminating...
TelemetriaClient.exe: 00005E68: 11:21:06 [TUniGUIMessageQ]:Terminated.
TelemetriaClient.exe: 00005E68: 11:21:06 [TUniWebSocketStack]:Terminated.
TelemetriaClient.exe: 00005E68: 11:21:06 [TUniServerModule]:Server Shutdown Completed.
TelemetriaClient.exe: 00005E68: 11:21:06 []:<-------------------------------------------------------------->
TelemetriaClient.exe: 0000170C: 11:21:07 []:>--------------------------------------------------------------<
TelemetriaClient.exe: 0000170C: 11:21:07 [TUniServerModule]:Server First Init.
TelemetriaClient.exe: 0000170C: 11:21:07 [TUniServerModule]:Start Path = C:\yusag\PROJECTS\telemetria\telemetria-client\Win32\Debug\
TelemetriaClient.exe: 0000170C: 11:21:07 [TUniGUISessionManager]:Cache erase job created, Folder count: [1]
TelemetriaClient.exe: 0000170C: 11:21:07 [TUniServerModule]:Starting HTTP Server on Port: 8077...
TelemetriaClient.exe: 0000170C: 11:21:07 [TUniServerModule]:HTTP Server Started on Port: 8077
TelemetriaClient.exe: 00003214: 11:21:08 [127.0.0.1]:EUniSessionException : Invalid session or session Timeout. (Session not found: 1VvWxVXjMt112CDD755 ) : Addr: $00DABC3F
TelemetriaClient.exe: 0000170C: 11:25:06 [TUniServerModule]:Shutting Down Server.
TelemetriaClient.exe: 0000170C: 11:25:06 [TUniServerModule]:Stopping HTTP Server.
TelemetriaClient.exe: 0000170C: 11:25:07 [TUniServerModule]:HTTP Server Stopped.
TelemetriaClient.exe: 0000170C: 11:25:07 [TUniGUISessionManager]:Terminating Session manager.
TelemetriaClient.exe: 0000170C: 11:25:07 [TUniGUISessionManager]:Stopping Cache Eraser...
TelemetriaClient.exe: 0000170C: 11:25:07 [TUniGUISessionManager]:Cache Eraser Stopped.
TelemetriaClient.exe: 0000170C: 11:25:07 [TUniGUISessionManager]:Destroying Worker Threads.
TelemetriaClient.exe: 0000170C: 11:25:07 [TUniGUISessionManager]:Session manager terminated.
TelemetriaClient.exe: 0000170C: 11:25:07 [TUniWebSocketStack]:Terminating...
TelemetriaClient.exe: 0000170C: 11:25:07 [TUniGUIMessageQ]:Terminated.
TelemetriaClient.exe: 0000170C: 11:25:07 [TUniWebSocketStack]:Terminated.
TelemetriaClient.exe: 0000170C: 11:25:07 [TUniServerModule]:Server Shutdown Completed.
TelemetriaClient.exe: 0000170C: 11:25:07 []:<-------------------------------------------------------------->
TelemetriaClient.exe: 00005DF0: 11:25:08 []:>--------------------------------------------------------------<
TelemetriaClient.exe: 00005DF0: 11:25:08 [TUniServerModule]:Server First Init.
TelemetriaClient.exe: 00005DF0: 11:25:08 [TUniServerModule]:Start Path = C:\yusag\PROJECTS\telemetria\telemetria-client\Win32\Debug\
TelemetriaClient.exe: 00005DF0: 11:25:08 [TUniGUISessionManager]:Cache erase job created, Folder count: [1]
TelemetriaClient.exe: 00005DF0: 11:25:08 [TUniServerModule]:Starting HTTP Server on Port: 8077...
TelemetriaClient.exe: 00005DF0: 11:25:08 [TUniServerModule]:HTTP Server Started on Port: 8077
TelemetriaClient.exe: 00005AE4: 11:25:10 [127.0.0.1]:EUniSessionException : Invalid session or session Timeout. (Session not found: 2kuRp2mzYo112CDD7C6 ) : Addr: $003CBC3F
TelemetriaClient.exe: 00005C3C: 11:25:10 [127.0.0.1]:EUniSessionException : Invalid session or session Timeout. (Session not found: 2kuRp2mzYo112CDD7C6 ) : Addr: $003CBC3F
TelemetriaClient.exe: 00005DF0: 11:30:17 [TUniServerModule]:Shutting Down Server.
TelemetriaClient.exe: 00005DF0: 11:30:17 [TUniServerModule]:Stopping HTTP Server.
TelemetriaClient.exe: 00005DF0: 11:30:18 [TUniServerModule]:HTTP Server Stopped.
TelemetriaClient.exe: 00005DF0: 11:30:18 [TUniGUISessionManager]:Terminating Session manager.
TelemetriaClient.exe: 00005DF0: 11:30:18 [TUniGUISessionManager]:Stopping Cache Eraser...
TelemetriaClient.exe: 00005DF0: 11:30:18 [TUniGUISessionManager]:Cache Eraser Stopped.
TelemetriaClient.exe: 00005DF0: 11:30:18 [TUniGUISessionManager]:Destroying Worker Threads.
TelemetriaClient.exe: 00005DF0: 11:30:18 [TUniGUISessionManager]:Session manager terminated.
TelemetriaClient.exe: 00005DF0: 11:30:18 [TUniWebSocketStack]:Terminating...
TelemetriaClient.exe: 00005DF0: 11:30:18 [TUniGUIMessageQ]:Terminated.
TelemetriaClient.exe: 00005DF0: 11:30:18 [TUniWebSocketStack]:Terminated.
TelemetriaClient.exe: 00005DF0: 11:30:18 [TUniServerModule]:Server Shutdown Completed.
TelemetriaClient.exe: 00005DF0: 11:30:18 []:<-------------------------------------------------------------->
TelemetriaClient.exe: 0000109C: 11:30:19 []:>--------------------------------------------------------------<
TelemetriaClient.exe: 0000109C: 11:30:19 [TUniServerModule]:Server First Init.
TelemetriaClient.exe: 0000109C: 11:30:19 [TUniServerModule]:Start Path = C:\yusag\PROJECTS\telemetria\telemetria-client\Win32\Debug\
TelemetriaClient.exe: 0000109C: 11:30:19 [TUniGUISessionManager]:Cache erase job created, Folder count: [1]
TelemetriaClient.exe: 0000109C: 11:30:19 [TUniServerModule]:Starting HTTP Server on Port: 8077...
TelemetriaClient.exe: 0000109C: 11:30:19 [TUniServerModule]:HTTP Server Started on Port: 8077
TelemetriaClient.exe: 0000073C: 11:30:22 [127.0.0.1]:EUniSessionException : Invalid session or session Timeout. (Session not found: CYNBWK8cHe112CDD931 ) : Addr: $0067BC3F
TelemetriaClient.exe: 00004878: 11:31:37 [HandleFileRequest[127.0.0.1]]:File not found: C:\yusag\PROJECTS\telemetria\telemetria-client\Win32\Debug\.well-known\appspecific\com.chrome.devtools.json
TelemetriaClient.exe: 0000109C: 11:35:19 [TUniServerModule]:Shutting Down Server.
TelemetriaClient.exe: 0000109C: 11:35:19 [TUniServerModule]:Stopping HTTP Server.
TelemetriaClient.exe: 0000109C: 11:35:20 [TUniServerModule]:HTTP Server Stopped.
TelemetriaClient.exe: 0000109C: 11:35:20 [TUniGUISessionManager]:Terminating Session manager.
TelemetriaClient.exe: 0000109C: 11:35:20 [TUniGUISessionManager]:Stopping Cache Eraser...
TelemetriaClient.exe: 0000109C: 11:35:20 [TUniGUISessionManager]:Cache Eraser Stopped.
TelemetriaClient.exe: 0000109C: 11:35:20 [TUniGUISessionManager]:Destroying Worker Threads.
TelemetriaClient.exe: 0000109C: 11:35:20 [TUniGUISessionManager]:Session manager terminated.
TelemetriaClient.exe: 0000109C: 11:35:20 [TUniWebSocketStack]:Terminating...
TelemetriaClient.exe: 0000109C: 11:35:20 [TUniGUIMessageQ]:Terminated.
TelemetriaClient.exe: 0000109C: 11:35:20 [TUniWebSocketStack]:Terminated.
TelemetriaClient.exe: 0000109C: 11:35:20 [TUniServerModule]:Server Shutdown Completed.
TelemetriaClient.exe: 0000109C: 11:35:20 []:<-------------------------------------------------------------->
TelemetriaClient.exe: 00000388: 11:35:21 []:>--------------------------------------------------------------<
TelemetriaClient.exe: 00000388: 11:35:21 [TUniServerModule]:Server First Init.
TelemetriaClient.exe: 00000388: 11:35:21 [TUniServerModule]:Start Path = C:\yusag\PROJECTS\telemetria\telemetria-client\Win32\Debug\
TelemetriaClient.exe: 00000388: 11:35:21 [TUniGUISessionManager]:Cache erase job created, Folder count: [1]
TelemetriaClient.exe: 00000388: 11:35:21 [TUniServerModule]:Starting HTTP Server on Port: 8077...
TelemetriaClient.exe: 00000388: 11:35:21 [TUniServerModule]:HTTP Server Started on Port: 8077
TelemetriaClient.exe: 00005958: 11:35:23 [127.0.0.1]:EUniSessionException : Invalid session or session Timeout. (Session not found: lYaLktFtRP112CDDA47 ) : Addr: $00D3BC3F
TelemetriaClient.exe: 00000388: 11:37:22 [TUniServerModule]:Shutting Down Server.
TelemetriaClient.exe: 00000388: 11:37:22 [TUniServerModule]:Stopping HTTP Server.
TelemetriaClient.exe: 00000388: 11:37:24 [TUniServerModule]:HTTP Server Stopped.
TelemetriaClient.exe: 00000388: 11:37:24 [TUniGUISessionManager]:Terminating Session manager.
TelemetriaClient.exe: 00000388: 11:37:24 [TUniGUISessionManager]:Stopping Cache Eraser...
TelemetriaClient.exe: 00000388: 11:37:24 [TUniGUISessionManager]:Cache Eraser Stopped.
TelemetriaClient.exe: 00000388: 11:37:24 [TUniGUISessionManager]:Destroying Worker Threads.
TelemetriaClient.exe: 00000388: 11:37:24 [TUniGUISessionManager]:Session manager terminated.
TelemetriaClient.exe: 00000388: 11:37:24 [TUniWebSocketStack]:Terminating...
TelemetriaClient.exe: 00000388: 11:37:24 [TUniGUIMessageQ]:Terminated.
TelemetriaClient.exe: 00000388: 11:37:24 [TUniWebSocketStack]:Terminated.
TelemetriaClient.exe: 00000388: 11:37:24 [TUniServerModule]:Server Shutdown Completed.
TelemetriaClient.exe: 00000388: 11:37:24 []:<-------------------------------------------------------------->
TelemetriaClient.exe: 00005D64: 11:37:24 []:>--------------------------------------------------------------<
TelemetriaClient.exe: 00005D64: 11:37:24 [TUniServerModule]:Server First Init.
TelemetriaClient.exe: 00005D64: 11:37:24 [TUniServerModule]:Start Path = C:\yusag\PROJECTS\telemetria\telemetria-client\Win32\Debug\
TelemetriaClient.exe: 00005D64: 11:37:24 [TUniGUISessionManager]:Cache erase job created, Folder count: [1]
TelemetriaClient.exe: 00005D64: 11:37:25 [TUniServerModule]:Starting HTTP Server on Port: 8077...
TelemetriaClient.exe: 00005D64: 11:37:25 [TUniServerModule]:HTTP Server Started on Port: 8077
TelemetriaClient.exe: 00002598: 11:37:27 [127.0.0.1]:EUniSessionException : Invalid session or session Timeout. (Session not found: ey1Lc6Zi5N112CDDBA3 ) : Addr: $00FEBC3F
TelemetriaClient.exe: 00005D64: 13:14:36 [TUniServerModule]:Shutting Down Server.
TelemetriaClient.exe: 00005D64: 13:14:36 [TUniServerModule]:Stopping HTTP Server.
TelemetriaClient.exe: 00005D64: 13:14:36 [TUniServerModule]:HTTP Server Stopped.
TelemetriaClient.exe: 00005D64: 13:14:36 [TUniGUISessionManager]:Terminating Session manager.
TelemetriaClient.exe: 00005D64: 13:14:36 [TUniGUISessionManager]:Stopping Cache Eraser...
TelemetriaClient.exe: 00005D64: 13:14:36 [TUniGUISessionManager]:Cache Eraser Stopped.
TelemetriaClient.exe: 00005D64: 13:14:36 [TUniGUISessionManager]:Destroying Worker Threads.
TelemetriaClient.exe: 00005D64: 13:14:36 [TUniGUISessionManager]:Session manager terminated.
TelemetriaClient.exe: 00005D64: 13:14:36 [TUniWebSocketStack]:Terminating...
TelemetriaClient.exe: 00005D64: 13:14:36 [TUniGUIMessageQ]:Terminated.
TelemetriaClient.exe: 00005D64: 13:14:36 [TUniWebSocketStack]:Terminated.
TelemetriaClient.exe: 00005D64: 13:14:36 [TUniServerModule]:Server Shutdown Completed.
TelemetriaClient.exe: 00005D64: 13:14:36 []:<-------------------------------------------------------------->
TelemetriaClient.exe: 00001288: 13:14:40 []:>--------------------------------------------------------------<
TelemetriaClient.exe: 00001288: 13:14:40 [TUniServerModule]:Server First Init.
TelemetriaClient.exe: 00001288: 13:14:40 [TUniServerModule]:Start Path = C:\yusag\PROJECTS\telemetria\telemetria-client\Win32\Debug\
TelemetriaClient.exe: 00001288: 13:14:40 [TUniServerModule]:Starting HTTP Server on Port: 8077...
TelemetriaClient.exe: 00001288: 13:14:40 [TUniServerModule]:HTTP Server Started on Port: 8077
TelemetriaClient.exe: 00005E10: 13:14:42 [127.0.0.1]:EUniSessionException : Invalid session or session Timeout. (Session not found: OX6YaUbwzB112CDDF3D ) : Addr: $0087BC3F
TelemetriaClient.exe: 00002C7C: 13:30:36 [HandleFileRequest[127.0.0.1]]:File not found: C:\yusag\PROJECTS\telemetria\telemetria-client\Win32\Debug\.well-known\appspecific\com.chrome.devtools.json
TelemetriaClient.exe: 00001288: 13:32:43 [TUniServerModule]:Shutting Down Server.
TelemetriaClient.exe: 00001288: 13:32:43 [TUniServerModule]:Stopping HTTP Server.
TelemetriaClient.exe: 00001288: 13:32:44 [TUniServerModule]:HTTP Server Stopped.
TelemetriaClient.exe: 00001288: 13:32:44 [TUniGUISessionManager]:Terminating Session manager.
TelemetriaClient.exe: 00001288: 13:32:44 [TUniGUISessionManager]:Stopping Cache Eraser...
TelemetriaClient.exe: 00001288: 13:32:44 [TUniGUISessionManager]:Cache Eraser Stopped.
TelemetriaClient.exe: 00001288: 13:32:44 [TUniGUISessionManager]:Destroying Worker Threads.
TelemetriaClient.exe: 00001288: 13:32:44 [TUniGUISessionManager]:Session manager terminated.
TelemetriaClient.exe: 00001288: 13:32:44 [TUniWebSocketStack]:Terminating...
TelemetriaClient.exe: 00001288: 13:32:44 [TUniGUIMessageQ]:Terminated.
TelemetriaClient.exe: 00001288: 13:32:44 [TUniWebSocketStack]:Terminated.
TelemetriaClient.exe: 00001288: 13:32:44 [TUniServerModule]:Server Shutdown Completed.
TelemetriaClient.exe: 00001288: 13:32:44 []:<-------------------------------------------------------------->
TelemetriaClient.exe: 00005ABC: 13:32:45 []:>--------------------------------------------------------------<
TelemetriaClient.exe: 00005ABC: 13:32:45 [TUniServerModule]:Server First Init.
TelemetriaClient.exe: 00005ABC: 13:32:45 [TUniServerModule]:Start Path = C:\yusag\PROJECTS\telemetria\telemetria-client\Win32\Debug\
TelemetriaClient.exe: 00005ABC: 13:32:45 [TUniGUISessionManager]:Cache erase job created, Folder count: [1]
TelemetriaClient.exe: 00005ABC: 13:32:45 [TUniServerModule]:Starting HTTP Server on Port: 8077...
TelemetriaClient.exe: 00005ABC: 13:32:45 [TUniServerModule]:HTTP Server Started on Port: 8077
TelemetriaClient.exe: 000008CC: 13:32:48 [127.0.0.1]:EUniSessionException : Invalid session or session Timeout. (Session not found: tRGkuyJnYA112CDFAD5 ) : Addr: $005CBC3F
TelemetriaClient.exe: 00005ABC: 13:33:02 [TUniServerModule]:Shutting Down Server.
TelemetriaClient.exe: 00005ABC: 13:33:02 [TUniServerModule]:Stopping HTTP Server.
TelemetriaClient.exe: 00005ABC: 13:33:03 [TUniServerModule]:HTTP Server Stopped.
TelemetriaClient.exe: 00005ABC: 13:33:03 [TUniGUISessionManager]:Terminating Session manager.
TelemetriaClient.exe: 00005ABC: 13:33:03 [TUniGUISessionManager]:Stopping Cache Eraser...
TelemetriaClient.exe: 00005ABC: 13:33:03 [TUniGUISessionManager]:Cache Eraser Stopped.
TelemetriaClient.exe: 00005ABC: 13:33:03 [TUniGUISessionManager]:Destroying Worker Threads.
TelemetriaClient.exe: 00005ABC: 13:33:03 [TUniGUISessionManager]:Session manager terminated.
TelemetriaClient.exe: 00005ABC: 13:33:03 [TUniWebSocketStack]:Terminating...
TelemetriaClient.exe: 00005ABC: 13:33:03 [TUniGUIMessageQ]:Terminated.
TelemetriaClient.exe: 00005ABC: 13:33:03 [TUniWebSocketStack]:Terminated.
TelemetriaClient.exe: 00005ABC: 13:33:03 [TUniServerModule]:Server Shutdown Completed.
TelemetriaClient.exe: 00005ABC: 13:33:03 []:<-------------------------------------------------------------->
TelemetriaClient.exe: 00005D1C: 13:33:04 []:>--------------------------------------------------------------<
TelemetriaClient.exe: 00005D1C: 13:33:04 [TUniServerModule]:Server First Init.
TelemetriaClient.exe: 00005D1C: 13:33:04 [TUniServerModule]:Start Path = C:\yusag\PROJECTS\telemetria\telemetria-client\Win32\Debug\
TelemetriaClient.exe: 00005D1C: 13:33:04 [TUniGUISessionManager]:Cache erase job created, Folder count: [1]
TelemetriaClient.exe: 00005D1C: 13:33:04 [TUniServerModule]:Starting HTTP Server on Port: 8077...
TelemetriaClient.exe: 00005D1C: 13:33:04 [TUniServerModule]:HTTP Server Started on Port: 8077
TelemetriaClient.exe: 00005C68: 13:33:05 [127.0.0.1]:EUniSessionException : Invalid session or session Timeout. (Invalid URI: /HandleEvent ) : Addr: $010BBC3F
TelemetriaClient.exe: 00005D1C: 13:33:41 [TUniServerModule]:Shutting Down Server.
TelemetriaClient.exe: 00005D1C: 13:33:41 [TUniServerModule]:Stopping HTTP Server.
TelemetriaClient.exe: 00005D1C: 13:33:42 [TUniServerModule]:HTTP Server Stopped.
TelemetriaClient.exe: 00005D1C: 13:33:42 [TUniGUISessionManager]:Terminating Session manager.
TelemetriaClient.exe: 00005D1C: 13:33:42 [TUniGUISessionManager]:Stopping Cache Eraser...
TelemetriaClient.exe: 00005D1C: 13:33:42 [TUniGUISessionManager]:Cache Eraser Stopped.
TelemetriaClient.exe: 00005D1C: 13:33:42 [TUniGUISessionManager]:Destroying Worker Threads.
TelemetriaClient.exe: 00005D1C: 13:33:42 [TUniGUISessionManager]:Session manager terminated.
TelemetriaClient.exe: 00005D1C: 13:33:42 [TUniWebSocketStack]:Terminating...
TelemetriaClient.exe: 00005D1C: 13:33:42 [TUniGUIMessageQ]:Terminated.
TelemetriaClient.exe: 00005D1C: 13:33:42 [TUniWebSocketStack]:Terminated.
TelemetriaClient.exe: 00005D1C: 13:33:43 [TUniServerModule]:Server Shutdown Completed.
TelemetriaClient.exe: 00005D1C: 13:33:43 []:<-------------------------------------------------------------->
TelemetriaClient.exe: 000035B4: 13:33:44 []:>--------------------------------------------------------------<
TelemetriaClient.exe: 000035B4: 13:33:44 [TUniServerModule]:Server First Init.
TelemetriaClient.exe: 000035B4: 13:33:44 [TUniServerModule]:Start Path = C:\yusag\PROJECTS\telemetria\telemetria-client\Win32\Debug\
TelemetriaClient.exe: 000035B4: 13:33:44 [TUniServerModule]:Starting HTTP Server on Port: 8077...
TelemetriaClient.exe: 000035B4: 13:33:44 [TUniServerModule]:HTTP Server Started on Port: 8077
TelemetriaClient.exe: 00003AC4: 13:33:45 [127.0.0.1]:EUniSessionException : Invalid session or session Timeout. (Invalid URI: /HandleEvent ) : Addr: $00EABC3F
TelemetriaClient.exe: 00000834: 13:35:03 [HandleFileRequest[127.0.0.1]]:File not found: C:\yusag\PROJECTS\telemetria\telemetria-client\Win32\Debug\.well-known\appspecific\com.chrome.devtools.json
TelemetriaClient.exe: 000035B4: 13:37:14 [TUniServerModule]:Shutting Down Server.
TelemetriaClient.exe: 000035B4: 13:37:14 [TUniServerModule]:Stopping HTTP Server.
TelemetriaClient.exe: 000035B4: 13:37:15 [TUniServerModule]:HTTP Server Stopped.
TelemetriaClient.exe: 000035B4: 13:37:15 [TUniGUISessionManager]:Terminating Session manager.
TelemetriaClient.exe: 000035B4: 13:37:15 [TUniGUISessionManager]:Stopping Cache Eraser...
TelemetriaClient.exe: 000035B4: 13:37:15 [TUniGUISessionManager]:Cache Eraser Stopped.
TelemetriaClient.exe: 000035B4: 13:37:16 [TUniGUISessionManager]:Destroying Worker Threads.
TelemetriaClient.exe: 000035B4: 13:37:16 [TUniGUISessionManager]:Session manager terminated.
TelemetriaClient.exe: 000035B4: 13:37:16 [TUniWebSocketStack]:Terminating...
TelemetriaClient.exe: 000035B4: 13:37:16 [TUniGUIMessageQ]:Terminated.
TelemetriaClient.exe: 000035B4: 13:37:16 [TUniWebSocketStack]:Terminated.
TelemetriaClient.exe: 000035B4: 13:37:16 [TUniServerModule]:Server Shutdown Completed.
TelemetriaClient.exe: 000035B4: 13:37:16 []:<-------------------------------------------------------------->
TelemetriaClient.exe: 00005C68: 13:37:17 []:>--------------------------------------------------------------<
TelemetriaClient.exe: 00005C68: 13:37:17 [TUniServerModule]:Server First Init.
TelemetriaClient.exe: 00005C68: 13:37:17 [TUniServerModule]:Start Path = C:\yusag\PROJECTS\telemetria\telemetria-client\Win32\Debug\
TelemetriaClient.exe: 00005C68: 13:37:17 [TUniGUISessionManager]:Cache erase job created, Folder count: [1]
TelemetriaClient.exe: 00005C68: 13:37:17 [TUniServerModule]:Starting HTTP Server on Port: 8077...
TelemetriaClient.exe: 00005C68: 13:37:17 [TUniServerModule]:HTTP Server Started on Port: 8077
TelemetriaClient.exe: 00004814: 13:37:18 [127.0.0.1]:EUniSessionException : Invalid session or session Timeout. (Session not found: gMRHd6RTAk112CDFBBF ) : Addr: $00F0BC3F
TelemetriaClient.exe: 00005A0C: 13:40:13 [HandleFileRequest[172.20.10.2]]:File not found: C:\yusag\PROJECTS\telemetria\telemetria-client\Win32\Debug\favicon.ico
TelemetriaClient.exe: 00005C68: 14:04:48 [Exit]:Unexpected attempt to terminate server application with Exit Code: 0
TelemetriaClient.exe: 0000127C: 20:07:57 []:>--------------------------------------------------------------<
TelemetriaClient.exe: 0000127C: 20:07:57 [TUniServerModule]:Server First Init.
TelemetriaClient.exe: 0000127C: 20:07:57 [TUniServerModule]:Start Path = C:\yusag\PROJECTS\telemetria\telemetria-client\Win32\Debug\
TelemetriaClient.exe: 0000127C: 20:07:57 [TUniServerModule]:Starting HTTP Server on Port: 8077...
TelemetriaClient.exe: 0000127C: 20:07:57 [TUniServerModule]:HTTP Server Started on Port: 8077
TelemetriaClient.exe: 0000127C: 20:10:13 [TUniServerModule]:Shutting Down Server.
TelemetriaClient.exe: 0000127C: 20:10:13 [TUniServerModule]:Stopping HTTP Server.
TelemetriaClient.exe: 0000127C: 20:10:14 [TUniServerModule]:HTTP Server Stopped.
TelemetriaClient.exe: 0000127C: 20:10:14 [TUniGUISessionManager]:Terminating Session manager.
TelemetriaClient.exe: 0000127C: 20:10:14 [TUniGUISessionManager]:Stopping Cache Eraser...
TelemetriaClient.exe: 0000127C: 20:10:14 [TUniGUISessionManager]:Cache Eraser Stopped.
TelemetriaClient.exe: 0000127C: 20:10:14 [TUniGUISessionManager]:Destroying Worker Threads.
TelemetriaClient.exe: 0000127C: 20:10:14 [TUniGUISessionManager]:Session manager terminated.
TelemetriaClient.exe: 0000127C: 20:10:14 [TUniWebSocketStack]:Terminating...
TelemetriaClient.exe: 0000127C: 20:10:14 [TUniGUIMessageQ]:Terminated.
TelemetriaClient.exe: 0000127C: 20:10:14 [TUniWebSocketStack]:Terminated.
TelemetriaClient.exe: 0000127C: 20:10:14 [TUniServerModule]:Server Shutdown Completed.
TelemetriaClient.exe: 0000127C: 20:10:14 []:<-------------------------------------------------------------->
TelemetriaClient.exe: 00002590: 20:10:17 []:>--------------------------------------------------------------<
TelemetriaClient.exe: 00002590: 20:10:17 [TUniServerModule]:Server First Init.
TelemetriaClient.exe: 00002590: 20:10:17 [TUniServerModule]:Start Path = C:\yusag\PROJECTS\telemetria\telemetria-client\Win32\Debug\
TelemetriaClient.exe: 00002590: 20:10:17 [TUniServerModule]:Starting HTTP Server on Port: 8077...
TelemetriaClient.exe: 00002590: 20:10:17 [TUniServerModule]:HTTP Server Started on Port: 8077
TelemetriaClient.exe: 0000513C: 20:11:17 [HandleFileRequest[127.0.0.1]]:File not found: C:\yusag\PROJECTS\telemetria\telemetria-client\Win32\Debug\.well-known\appspecific\com.chrome.devtools.json
TelemetriaClient.exe: 00002590: 20:16:34 [TUniServerModule]:Shutting Down Server.
TelemetriaClient.exe: 00002590: 20:16:34 [TUniServerModule]:Stopping HTTP Server.
TelemetriaClient.exe: 00002590: 20:16:35 [TUniServerModule]:HTTP Server Stopped.
TelemetriaClient.exe: 00002590: 20:16:35 [TUniGUISessionManager]:Terminating Session manager.
TelemetriaClient.exe: 00002590: 20:16:35 [TUniGUISessionManager]:Stopping Cache Eraser...
TelemetriaClient.exe: 00002590: 20:16:35 [TUniGUISessionManager]:Cache Eraser Stopped.
TelemetriaClient.exe: 00002590: 20:16:35 [TUniGUISessionManager]:Destroying Worker Threads.
TelemetriaClient.exe: 00002590: 20:16:35 [TUniGUISessionManager]:Session manager terminated.
TelemetriaClient.exe: 00002590: 20:16:35 [TUniWebSocketStack]:Terminating...
TelemetriaClient.exe: 00002590: 20:16:35 [TUniGUIMessageQ]:Terminated.
TelemetriaClient.exe: 00002590: 20:16:35 [TUniWebSocketStack]:Terminated.
TelemetriaClient.exe: 00002590: 20:16:36 [TUniServerModule]:Server Shutdown Completed.
TelemetriaClient.exe: 00002590: 20:16:36 []:<-------------------------------------------------------------->
TelemetriaClient.exe: 000012F4: 20:16:36 []:>--------------------------------------------------------------<
TelemetriaClient.exe: 000012F4: 20:16:36 [TUniServerModule]:Server First Init.
TelemetriaClient.exe: 000012F4: 20:16:36 [TUniServerModule]:Start Path = C:\yusag\PROJECTS\telemetria\telemetria-client\Win32\Debug\
TelemetriaClient.exe: 000012F4: 20:16:36 [TUniGUISessionManager]:Cache erase job created, Folder count: [1]
TelemetriaClient.exe: 000012F4: 20:16:36 [TUniServerModule]:Starting HTTP Server on Port: 8077...
TelemetriaClient.exe: 000012F4: 20:16:36 [TUniServerModule]:HTTP Server Started on Port: 8077
TelemetriaClient.exe: 00001CA4: 20:16:39 [127.0.0.1]:EUniSessionException : Invalid session or session Timeout. (Session not found: EgbtoBfBvX112CE6757 ) : Addr: $006ABC3F
TelemetriaClient.exe: 000012F4: 20:20:15 [TUniServerModule]:Shutting Down Server.
TelemetriaClient.exe: 000012F4: 20:20:15 [TUniServerModule]:Stopping HTTP Server.
TelemetriaClient.exe: 000012F4: 20:20:16 [TUniServerModule]:HTTP Server Stopped.
TelemetriaClient.exe: 000012F4: 20:20:16 [TUniGUISessionManager]:Terminating Session manager.
TelemetriaClient.exe: 000012F4: 20:20:16 [TUniGUISessionManager]:Stopping Cache Eraser...
TelemetriaClient.exe: 000012F4: 20:20:16 [TUniGUISessionManager]:Cache Eraser Stopped.
TelemetriaClient.exe: 000012F4: 20:20:16 [TUniGUISessionManager]:Destroying Worker Threads.
TelemetriaClient.exe: 000012F4: 20:20:16 [TUniGUISessionManager]:Session manager terminated.
TelemetriaClient.exe: 000012F4: 20:20:16 [TUniWebSocketStack]:Terminating...
TelemetriaClient.exe: 000012F4: 20:20:16 [TUniGUIMessageQ]:Terminated.
TelemetriaClient.exe: 000012F4: 20:20:16 [TUniWebSocketStack]:Terminated.
TelemetriaClient.exe: 000012F4: 20:20:16 [TUniServerModule]:Server Shutdown Completed.
TelemetriaClient.exe: 000012F4: 20:20:16 []:<-------------------------------------------------------------->
TelemetriaClient.exe: 00001E70: 20:20:17 []:>--------------------------------------------------------------<
TelemetriaClient.exe: 00001E70: 20:20:17 [TUniServerModule]:Server First Init.
TelemetriaClient.exe: 00001E70: 20:20:17 [TUniServerModule]:Start Path = C:\yusag\PROJECTS\telemetria\telemetria-client\Win32\Debug\
TelemetriaClient.exe: 00001E70: 20:20:17 [TUniGUISessionManager]:Cache erase job created, Folder count: [1]
TelemetriaClient.exe: 00001E70: 20:20:17 [TUniServerModule]:Starting HTTP Server on Port: 8077...
TelemetriaClient.exe: 00001E70: 20:20:17 [TUniServerModule]:HTTP Server Started on Port: 8077
TelemetriaClient.exe: 00000CFC: 20:20:19 [127.0.0.1]:EUniSessionException : Invalid session or session Timeout. (Session not found: khk8H27CtH112CE690A ) : Addr: $0067BC3F
TelemetriaClient.exe: 00001E70: 20:28:51 [TUniServerModule]:Shutting Down Server.
TelemetriaClient.exe: 00001E70: 20:28:51 [TUniServerModule]:Stopping HTTP Server.
TelemetriaClient.exe: 00001E70: 20:28:52 [TUniServerModule]:HTTP Server Stopped.
TelemetriaClient.exe: 00001E70: 20:28:52 [TUniGUISessionManager]:Terminating Session manager.
TelemetriaClient.exe: 00001E70: 20:28:52 [TUniGUISessionManager]:Stopping Cache Eraser...
TelemetriaClient.exe: 00001E70: 20:28:52 [TUniGUISessionManager]:Cache Eraser Stopped.
TelemetriaClient.exe: 00001E70: 20:28:52 [TUniGUISessionManager]:Destroying Worker Threads.
TelemetriaClient.exe: 00001E70: 20:28:52 [TUniGUISessionManager]:Session manager terminated.
TelemetriaClient.exe: 00001E70: 20:28:52 [TUniWebSocketStack]:Terminating...
TelemetriaClient.exe: 00001E70: 20:28:52 [TUniGUIMessageQ]:Terminated.
TelemetriaClient.exe: 00001E70: 20:28:52 [TUniWebSocketStack]:Terminated.
TelemetriaClient.exe: 00001E70: 20:28:52 [TUniServerModule]:Server Shutdown Completed.
TelemetriaClient.exe: 00001E70: 20:28:52 []:<-------------------------------------------------------------->
TelemetriaClient.exe: 00002AC0: 20:28:53 []:>--------------------------------------------------------------<
TelemetriaClient.exe: 00002AC0: 20:28:53 [TUniServerModule]:Server First Init.
TelemetriaClient.exe: 00002AC0: 20:28:53 [TUniServerModule]:Start Path = C:\yusag\PROJECTS\telemetria\telemetria-client\Win32\Debug\
TelemetriaClient.exe: 00002AC0: 20:28:53 [TUniGUISessionManager]:Cache erase job created, Folder count: [1]
TelemetriaClient.exe: 00002AC0: 20:28:53 [TUniServerModule]:Starting HTTP Server on Port: 8077...
TelemetriaClient.exe: 00002AC0: 20:28:53 [TUniServerModule]:HTTP Server Started on Port: 8077
TelemetriaClient.exe: 00005708: 20:28:56 [127.0.0.1]:EUniSessionException : Invalid session or session Timeout. (Session not found: 25imsHDsFF112CE6A09 ) : Addr: $008FBC3F
TelemetriaClient.exe: 00002AC0: 20:36:47 [TUniServerModule]:Shutting Down Server.
TelemetriaClient.exe: 00002AC0: 20:36:47 [TUniServerModule]:Stopping HTTP Server.
TelemetriaClient.exe: 00002AC0: 20:36:48 [TUniServerModule]:HTTP Server Stopped.
TelemetriaClient.exe: 00002AC0: 20:36:48 [TUniGUISessionManager]:Terminating Session manager.
TelemetriaClient.exe: 00002AC0: 20:36:48 [TUniGUISessionManager]:Stopping Cache Eraser...
TelemetriaClient.exe: 00002AC0: 20:36:48 [TUniGUISessionManager]:Cache Eraser Stopped.
TelemetriaClient.exe: 00002AC0: 20:36:48 [TUniGUISessionManager]:Destroying Worker Threads.
TelemetriaClient.exe: 00002AC0: 20:36:48 [TUniGUISessionManager]:Session manager terminated.
TelemetriaClient.exe: 00002AC0: 20:36:48 [TUniWebSocketStack]:Terminating...
TelemetriaClient.exe: 00002AC0: 20:36:48 [TUniGUIMessageQ]:Terminated.
TelemetriaClient.exe: 00002AC0: 20:36:48 [TUniWebSocketStack]:Terminated.
TelemetriaClient.exe: 00002AC0: 20:36:48 [TUniServerModule]:Server Shutdown Completed.
TelemetriaClient.exe: 00002AC0: 20:36:48 []:<-------------------------------------------------------------->
TelemetriaClient.exe: 0000061C: 20:36:52 []:>--------------------------------------------------------------<
TelemetriaClient.exe: 0000061C: 20:36:52 [TUniServerModule]:Server First Init.
TelemetriaClient.exe: 0000061C: 20:36:52 [TUniServerModule]:Start Path = C:\yusag\PROJECTS\telemetria\telemetria-client\Win32\Debug\
TelemetriaClient.exe: 0000061C: 20:36:52 [TUniGUISessionManager]:Cache erase job created, Folder count: [1]
TelemetriaClient.exe: 0000061C: 20:36:52 [TUniServerModule]:Starting HTTP Server on Port: 8077...
TelemetriaClient.exe: 0000061C: 20:36:52 [TUniServerModule]:HTTP Server Started on Port: 8077
TelemetriaClient.exe: 00002BC8: 20:36:56 [127.0.0.1]:EUniSessionException : Invalid session or session Timeout. (Session not found: SgpIqT2OTU112CE6C5F ) : Addr: $008FBC3F
TelemetriaClient.exe: 000047D8: 20:36:56 [127.0.0.1]:EUniSessionException : Invalid session or session Timeout. (Session not found: SgpIqT2OTU112CE6C5F ) : Addr: $008FBC3F
TelemetriaClient.exe: 0000061C: 20:37:59 [TUniServerModule]:Shutting Down Server.
TelemetriaClient.exe: 0000061C: 20:37:59 [TUniServerModule]:Stopping HTTP Server.
TelemetriaClient.exe: 0000061C: 20:37:59 [TUniServerModule]:HTTP Server Stopped.
TelemetriaClient.exe: 0000061C: 20:37:59 [TUniGUISessionManager]:Terminating Session manager.
TelemetriaClient.exe: 0000061C: 20:37:59 [TUniGUISessionManager]:Stopping Cache Eraser...
TelemetriaClient.exe: 0000061C: 20:37:59 [TUniGUISessionManager]:Cache Eraser Stopped.
TelemetriaClient.exe: 0000061C: 20:37:59 [TUniGUISessionManager]:Destroying Worker Threads.
TelemetriaClient.exe: 0000061C: 20:37:59 [TUniGUISessionManager]:Session manager terminated.
TelemetriaClient.exe: 0000061C: 20:37:59 [TUniWebSocketStack]:Terminating...
TelemetriaClient.exe: 0000061C: 20:37:59 [TUniGUIMessageQ]:Terminated.
TelemetriaClient.exe: 0000061C: 20:37:59 [TUniWebSocketStack]:Terminated.
TelemetriaClient.exe: 0000061C: 20:37:59 [TUniServerModule]:Server Shutdown Completed.
TelemetriaClient.exe: 0000061C: 20:37:59 []:<-------------------------------------------------------------->
TelemetriaClient.exe: 00000E14: 20:38:01 []:>--------------------------------------------------------------<
TelemetriaClient.exe: 00000E14: 20:38:01 [TUniServerModule]:Server First Init.
TelemetriaClient.exe: 00000E14: 20:38:01 [TUniServerModule]:Start Path = C:\yusag\PROJECTS\telemetria\telemetria-client\Win32\Debug\
TelemetriaClient.exe: 00000E14: 20:38:01 [TUniGUISessionManager]:Cache erase job created, Folder count: [1]
TelemetriaClient.exe: 00000E14: 20:38:01 [TUniServerModule]:Starting HTTP Server on Port: 8077...
TelemetriaClient.exe: 00000E14: 20:38:01 [TUniServerModule]:HTTP Server Started on Port: 8077
TelemetriaClient.exe: 000029DC: 20:38:03 [127.0.0.1]:EUniSessionException : Invalid session or session Timeout. (Session not found: 2rSKdJVLkQ112CE6E8B ) : Addr: $0079BC3F
TelemetriaClient.exe: 000029DC: 20:38:26 [HandleFileRequest[127.0.0.1]]:File not found: C:\yusag\PROJECTS\telemetria\telemetria-client\Win32\Debug\.well-known\appspecific\com.chrome.devtools.json
TelemetriaClient.exe: 00000E14: 20:40:12 [TUniServerModule]:Shutting Down Server.
TelemetriaClient.exe: 00000E14: 20:40:12 [TUniServerModule]:Stopping HTTP Server.
TelemetriaClient.exe: 00000E14: 20:40:13 [TUniServerModule]:HTTP Server Stopped.
TelemetriaClient.exe: 00000E14: 20:40:13 [TUniGUISessionManager]:Terminating Session manager.
TelemetriaClient.exe: 00000E14: 20:40:14 [TUniGUISessionManager]:Stopping Cache Eraser...
TelemetriaClient.exe: 00000E14: 20:40:14 [TUniGUISessionManager]:Cache Eraser Stopped.
TelemetriaClient.exe: 00000E14: 20:40:14 [TUniGUISessionManager]:Destroying Worker Threads.
TelemetriaClient.exe: 00000E14: 20:40:14 [TUniGUISessionManager]:Session manager terminated.
TelemetriaClient.exe: 00000E14: 20:40:14 [TUniWebSocketStack]:Terminating...
TelemetriaClient.exe: 00000E14: 20:40:14 [TUniGUIMessageQ]:Terminated.
TelemetriaClient.exe: 00000E14: 20:40:14 [TUniWebSocketStack]:Terminated.
TelemetriaClient.exe: 00000E14: 20:40:14 [TUniServerModule]:Server Shutdown Completed.
TelemetriaClient.exe: 00000E14: 20:40:14 []:<-------------------------------------------------------------->
TelemetriaClient.exe: 00002EC8: 20:40:15 []:>--------------------------------------------------------------<
TelemetriaClient.exe: 00002EC8: 20:40:15 [TUniServerModule]:Server First Init.
TelemetriaClient.exe: 00002EC8: 20:40:15 [TUniServerModule]:Start Path = C:\yusag\PROJECTS\telemetria\telemetria-client\Win32\Debug\
TelemetriaClient.exe: 00002EC8: 20:40:15 [TUniGUISessionManager]:Cache erase job created, Folder count: [1]
TelemetriaClient.exe: 00002EC8: 20:40:15 [TUniServerModule]:Starting HTTP Server on Port: 8077...
TelemetriaClient.exe: 00002EC8: 20:40:15 [TUniServerModule]:HTTP Server Started on Port: 8077
TelemetriaClient.exe: 000032F8: 20:40:16 [127.0.0.1]:EUniSessionException : Invalid session or session Timeout. (Session not found: 5Gsj39qfyO112CE6ED9 ) : Addr: $0064BC3F
TelemetriaClient.exe: 00002EC8: 20:43:29 [TUniServerModule]:Shutting Down Server.
TelemetriaClient.exe: 00002EC8: 20:43:29 [TUniServerModule]:Stopping HTTP Server.
TelemetriaClient.exe: 000013C0: 20:43:30 []:>--------------------------------------------------------------<
TelemetriaClient.exe: 000013C0: 20:43:30 [TUniServerModule]:Server First Init.
TelemetriaClient.exe: 000013C0: 20:43:30 [TUniServerModule]:Start Path = C:\yusag\PROJECTS\telemetria\telemetria-client\Win32\Debug\
TelemetriaClient.exe: 000013C0: 20:43:30 [TUniGUISessionManager]:Cache erase job created, Folder count: [1]
TelemetriaClient.exe: 000013C0: 20:43:30 [TUniServerModule]:Starting HTTP Server on Port: 8077...
TelemetriaClient.exe: 000013C0: 20:43:30 [TUniServerModule]:HTTP Server Started on Port: 8077
TelemetriaClient.exe: 00002EC8: 20:43:30 [TUniServerModule]:HTTP Server Stopped.
TelemetriaClient.exe: 00002EC8: 20:43:30 [TUniGUISessionManager]:Terminating Session manager.
TelemetriaClient.exe: 00002EC8: 20:43:30 [TUniGUISessionManager]:Stopping Cache Eraser...
TelemetriaClient.exe: 00002EC8: 20:43:30 [TUniGUISessionManager]:Cache Eraser Stopped.
TelemetriaClient.exe: 00002EC8: 20:43:30 [TUniGUISessionManager]:Destroying Worker Threads.
TelemetriaClient.exe: 00002EC8: 20:43:30 [TUniGUISessionManager]:Session manager terminated.
TelemetriaClient.exe: 00002EC8: 20:43:30 [TUniWebSocketStack]:Terminating...
TelemetriaClient.exe: 00002EC8: 20:43:30 [TUniGUIMessageQ]:Terminated.
TelemetriaClient.exe: 00002EC8: 20:43:30 [TUniWebSocketStack]:Terminated.
TelemetriaClient.exe: 00002EC8: 20:43:31 [TUniServerModule]:Server Shutdown Completed.
TelemetriaClient.exe: 00002EC8: 20:43:31 []:<-------------------------------------------------------------->
TelemetriaClient.exe: 00003474: 20:43:32 [127.0.0.1]:EUniSessionException : Invalid session or session Timeout. (Session not found: KLrafHXsYa112CE6F72 ) : Addr: $0064BC3F
TelemetriaClient.exe: 0000551C: 20:43:32 [127.0.0.1]:EUniSessionException : Invalid session or session Timeout. (Session not found: KLrafHXsYa112CE6F72 ) : Addr: $0064BC3F
TelemetriaClient.exe: 000013C0: 20:46:38 [TUniServerModule]:Shutting Down Server.
TelemetriaClient.exe: 000013C0: 20:46:38 [TUniServerModule]:Stopping HTTP Server.
TelemetriaClient.exe: 000013C0: 20:46:39 [TUniServerModule]:HTTP Server Stopped.
TelemetriaClient.exe: 000013C0: 20:46:39 [TUniGUISessionManager]:Terminating Session manager.
TelemetriaClient.exe: 000013C0: 20:46:39 [TUniGUISessionManager]:Stopping Cache Eraser...
TelemetriaClient.exe: 000013C0: 20:46:39 [TUniGUISessionManager]:Cache Eraser Stopped.
TelemetriaClient.exe: 000013C0: 20:46:39 [TUniGUISessionManager]:Destroying Worker Threads.
TelemetriaClient.exe: 000013C0: 20:46:39 [TUniGUISessionManager]:Session manager terminated.
TelemetriaClient.exe: 000013C0: 20:46:39 [TUniWebSocketStack]:Terminating...
TelemetriaClient.exe: 000013C0: 20:46:39 [TUniGUIMessageQ]:Terminated.
TelemetriaClient.exe: 000013C0: 20:46:39 [TUniWebSocketStack]:Terminated.
TelemetriaClient.exe: 000013C0: 20:46:39 [TUniServerModule]:Server Shutdown Completed.
TelemetriaClient.exe: 000013C0: 20:46:39 []:<-------------------------------------------------------------->
TelemetriaClient.exe: 00004AF4: 20:47:00 []:>--------------------------------------------------------------<
TelemetriaClient.exe: 00004AF4: 20:47:00 [TUniServerModule]:Server First Init.
TelemetriaClient.exe: 00004AF4: 20:47:00 [TUniServerModule]:Start Path = C:\yusag\PROJECTS\telemetria\telemetria-client\Win32\Debug\
TelemetriaClient.exe: 00004AF4: 20:47:00 [TUniGUISessionManager]:Cache erase job created, Folder count: [1]
TelemetriaClient.exe: 00004AF4: 20:47:00 [TUniServerModule]:Starting HTTP Server on Port: 8077...
TelemetriaClient.exe: 00004AF4: 20:47:00 [TUniServerModule]:HTTP Server Started on Port: 8077
TelemetriaClient.exe: 000012E4: 20:47:01 [127.0.0.1]:EUniSessionException : Invalid session or session Timeout. (Session not found: S9J83eKPFZ112CE7056 ) : Addr: $00BBBC3F
TelemetriaClient.exe: 00004AF4: 20:50:47 [TUniServerModule]:Shutting Down Server.
TelemetriaClient.exe: 00004AF4: 20:50:47 [TUniServerModule]:Stopping HTTP Server.
TelemetriaClient.exe: 00004AF4: 20:50:48 [TUniServerModule]:HTTP Server Stopped.
TelemetriaClient.exe: 00004AF4: 20:50:48 [TUniGUISessionManager]:Terminating Session manager.
TelemetriaClient.exe: 00004AF4: 20:50:48 [TUniGUISessionManager]:Stopping Cache Eraser...
TelemetriaClient.exe: 00004AF4: 20:50:48 [TUniGUISessionManager]:Cache Eraser Stopped.
TelemetriaClient.exe: 00004AF4: 20:50:48 [TUniGUISessionManager]:Destroying Worker Threads.
TelemetriaClient.exe: 00004AF4: 20:50:48 [TUniGUISessionManager]:Session manager terminated.
TelemetriaClient.exe: 00004AF4: 20:50:48 [TUniWebSocketStack]:Terminating...
TelemetriaClient.exe: 00004AF4: 20:50:48 [TUniGUIMessageQ]:Terminated.
TelemetriaClient.exe: 00004AF4: 20:50:48 [TUniWebSocketStack]:Terminated.
TelemetriaClient.exe: 00004AF4: 20:50:48 [TUniServerModule]:Server Shutdown Completed.
TelemetriaClient.exe: 00004AF4: 20:50:48 []:<-------------------------------------------------------------->
TelemetriaClient.exe: 00002B48: 20:50:49 []:>--------------------------------------------------------------<
TelemetriaClient.exe: 00002B48: 20:50:49 [TUniServerModule]:Server First Init.
TelemetriaClient.exe: 00002B48: 20:50:49 [TUniServerModule]:Start Path = C:\yusag\PROJECTS\telemetria\telemetria-client\Win32\Debug\
TelemetriaClient.exe: 00002B48: 20:50:49 [TUniGUISessionManager]:Cache erase job created, Folder count: [1]
TelemetriaClient.exe: 00002B48: 20:50:49 [TUniServerModule]:Starting HTTP Server on Port: 8077...
TelemetriaClient.exe: 00002B48: 20:50:49 [TUniServerModule]:HTTP Server Started on Port: 8077
TelemetriaClient.exe: 00002CE4: 20:50:51 [127.0.0.1]:EUniSessionException : Invalid session or session Timeout. (Session not found: T3ZqusqzPz112CE7147 ) : Addr: $00BBBC3F
TelemetriaClient.exe: 00001D50: 20:50:51 [127.0.0.1]:EUniSessionException : Invalid session or session Timeout. (Session not found: T3ZqusqzPz112CE7147 ) : Addr: $00BBBC3F
TelemetriaClient.exe: 00001D04: 21:04:44 [HandleFileRequest[127.0.0.1]]:File not found: C:\yusag\PROJECTS\telemetria\telemetria-client\Win32\Debug\.well-known\appspecific\com.chrome.devtools.json
TelemetriaClient.exe: 00002B48: 21:12:20 [TUniServerModule]:Shutting Down Server.
TelemetriaClient.exe: 00002B48: 21:12:20 [TUniServerModule]:Stopping HTTP Server.
TelemetriaClient.exe: 00002B48: 21:12:20 [TUniServerModule]:HTTP Server Stopped.
TelemetriaClient.exe: 00002B48: 21:12:20 [TUniGUISessionManager]:Terminating Session manager.
TelemetriaClient.exe: 00002B48: 21:12:20 [TUniGUISessionManager]:Stopping Cache Eraser...
TelemetriaClient.exe: 00002B48: 21:12:20 [TUniGUISessionManager]:Cache Eraser Stopped.
TelemetriaClient.exe: 00002B48: 21:12:20 [TUniGUISessionManager]:Destroying Worker Threads.
TelemetriaClient.exe: 00002B48: 21:12:20 [TUniGUISessionManager]:Session manager terminated.
TelemetriaClient.exe: 00002B48: 21:12:20 [TUniWebSocketStack]:Terminating...
TelemetriaClient.exe: 00002B48: 21:12:20 [TUniGUIMessageQ]:Terminated.
TelemetriaClient.exe: 00002B48: 21:12:20 [TUniWebSocketStack]:Terminated.
TelemetriaClient.exe: 00002B48: 21:12:20 [TUniServerModule]:Server Shutdown Completed.
TelemetriaClient.exe: 00002B48: 21:12:20 []:<-------------------------------------------------------------->
TelemetriaClient.exe: 00000BA8: 21:12:22 []:>--------------------------------------------------------------<
TelemetriaClient.exe: 00000BA8: 21:12:22 [TUniServerModule]:Server First Init.
TelemetriaClient.exe: 00000BA8: 21:12:22 [TUniServerModule]:Start Path = C:\yusag\PROJECTS\telemetria\telemetria-client\Win32\Debug\
TelemetriaClient.exe: 00000BA8: 21:12:22 [TUniGUISessionManager]:Cache erase job created, Folder count: [1]
TelemetriaClient.exe: 00000BA8: 21:12:22 [TUniServerModule]:Starting HTTP Server on Port: 8077...
TelemetriaClient.exe: 00000BA8: 21:12:22 [TUniServerModule]:HTTP Server Started on Port: 8077
TelemetriaClient.exe: 00001F2C: 21:12:23 [127.0.0.1]:EUniSessionException : Invalid session or session Timeout. (Session not found: Lm4BMX6qRa112CE7325 ) : Addr: $0123BC3F
TelemetriaClient.exe: 00001F2C: 21:12:32 [HandleFileRequest[127.0.0.1]]:File not found: C:\yusag\PROJECTS\telemetria\telemetria-client\Win32\Debug\.well-known\appspecific\com.chrome.devtools.json
TelemetriaClient.exe: 00000BA8: 21:15:54 [TUniServerModule]:Shutting Down Server.
TelemetriaClient.exe: 00000BA8: 21:15:54 [TUniServerModule]:Stopping HTTP Server.
TelemetriaClient.exe: 00000BA8: 21:15:55 [TUniServerModule]:HTTP Server Stopped.
TelemetriaClient.exe: 00000BA8: 21:15:55 [TUniGUISessionManager]:Terminating Session manager.
TelemetriaClient.exe: 00000BA8: 21:15:55 [TUniGUISessionManager]:Stopping Cache Eraser...
TelemetriaClient.exe: 00000BA8: 21:15:55 [TUniGUISessionManager]:Cache Eraser Stopped.
TelemetriaClient.exe: 00000BA8: 21:15:55 [TUniGUISessionManager]:Destroying Worker Threads.
TelemetriaClient.exe: 00000BA8: 21:15:55 [TUniGUISessionManager]:Session manager terminated.
TelemetriaClient.exe: 00000BA8: 21:15:55 [TUniWebSocketStack]:Terminating...
TelemetriaClient.exe: 00000BA8: 21:15:55 [TUniGUIMessageQ]:Terminated.
TelemetriaClient.exe: 00000BA8: 21:15:55 [TUniWebSocketStack]:Terminated.
TelemetriaClient.exe: 00000BA8: 21:15:55 [TUniServerModule]:Server Shutdown Completed.
TelemetriaClient.exe: 00000BA8: 21:15:55 []:<-------------------------------------------------------------->
TelemetriaClient.exe: 00002398: 21:15:55 []:>--------------------------------------------------------------<
TelemetriaClient.exe: 00002398: 21:15:55 [TUniServerModule]:Server First Init.
TelemetriaClient.exe: 00002398: 21:15:55 [TUniServerModule]:Start Path = C:\yusag\PROJECTS\telemetria\telemetria-client\Win32\Debug\
TelemetriaClient.exe: 00002398: 21:15:55 [TUniGUISessionManager]:Cache erase job created, Folder count: [1]
TelemetriaClient.exe: 00002398: 21:15:56 [TUniServerModule]:Starting HTTP Server on Port: 8077...
TelemetriaClient.exe: 00002398: 21:15:56 [TUniServerModule]:HTTP Server Started on Port: 8077
TelemetriaClient.exe: 000026BC: 21:16:01 [127.0.0.1]:EUniSessionException : Invalid session or session Timeout. (Session not found: KUK4l6sJx9112CE7829 ) : Addr: $0123BC3F
TelemetriaClient.exe: 00002BF8: 21:16:16 [HandleFileRequest[127.0.0.1]]:File not found: C:\yusag\PROJECTS\telemetria\telemetria-client\Win32\Debug\.well-known\appspecific\com.chrome.devtools.json
TelemetriaClient.exe: 00002398: 21:16:58 [TUniServerModule]:Shutting Down Server.
TelemetriaClient.exe: 00002398: 21:16:58 [TUniServerModule]:Stopping HTTP Server.
TelemetriaClient.exe: 00002398: 21:16:59 [TUniServerModule]:HTTP Server Stopped.
TelemetriaClient.exe: 00002398: 21:16:59 [TUniGUISessionManager]:Terminating Session manager.
TelemetriaClient.exe: 00002398: 21:16:59 [TUniGUISessionManager]:Stopping Cache Eraser...
TelemetriaClient.exe: 000023FC: 21:16:59 []:>--------------------------------------------------------------<
TelemetriaClient.exe: 000023FC: 21:16:59 [TUniServerModule]:Server First Init.
TelemetriaClient.exe: 000023FC: 21:16:59 [TUniServerModule]:Start Path = C:\yusag\PROJECTS\telemetria\telemetria-client\Win32\Debug\
TelemetriaClient.exe: 000023FC: 21:16:59 [TUniGUISessionManager]:Cache erase job created, Folder count: [1]
TelemetriaClient.exe: 000023FC: 21:16:59 [TUniServerModule]:Starting HTTP Server on Port: 8077...
TelemetriaClient.exe: 000023FC: 21:16:59 [TUniServerModule]:HTTP Server Started on Port: 8077
TelemetriaClient.exe: 00002398: 21:16:59 [TUniGUISessionManager]:Destroying Worker Threads.
TelemetriaClient.exe: 00002398: 21:16:59 [TUniGUISessionManager]:Session manager terminated.
TelemetriaClient.exe: 00002398: 21:16:59 [TUniWebSocketStack]:Terminating...
TelemetriaClient.exe: 00002398: 21:16:59 [TUniGUIMessageQ]:Terminated.
TelemetriaClient.exe: 00002398: 21:16:59 [TUniWebSocketStack]:Terminated.
TelemetriaClient.exe: 00002398: 21:17:00 [TUniServerModule]:Server Shutdown Completed.
TelemetriaClient.exe: 00002398: 21:17:00 []:<-------------------------------------------------------------->
TelemetriaClient.exe: 00003C78: 21:17:01 [127.0.0.1]:EUniSessionException : Invalid session or session Timeout. (Session not found: sINT86o8oD112CE792A ) : Addr: $0123BC3F
TelemetriaClient.exe: 00003C78: 21:17:01 [127.0.0.1]:EUniSessionException : Invalid session or session Timeout. (Session not found: sINT86o8oD112CE792A ) : Addr: $0123BC3F
TelemetriaClient.exe: 00004924: 21:17:54 [HandleFileRequest[127.0.0.1]]:File not found: C:\yusag\PROJECTS\telemetria\telemetria-client\Win32\Debug\.well-known\appspecific\com.chrome.devtools.json
TelemetriaClient.exe: 00001F30: 21:26:22 [HandleFileRequest[127.0.0.1]]:File not found: C:\yusag\PROJECTS\telemetria\telemetria-client\Win32\Debug\.well-known\appspecific\com.chrome.devtools.json
TelemetriaClient.exe: 00003D68: 21:59:58 [127.0.0.1]:EUniSessionException : Invalid session or session Timeout. (Session not found: 7qNmJ5KhDJ112CE7BE5 ) : Addr: $0123BC3F
TelemetriaClient.exe: 000023FC: 22:04:17 [TUniServerModule]:Shutting Down Server.
TelemetriaClient.exe: 000023FC: 22:04:17 [TUniServerModule]:Stopping HTTP Server.
TelemetriaClient.exe: 000023FC: 22:04:18 [TUniServerModule]:HTTP Server Stopped.
TelemetriaClient.exe: 000023FC: 22:04:18 [TUniGUISessionManager]:Terminating Session manager.
TelemetriaClient.exe: 000023FC: 22:04:18 [TUniGUISessionManager]:Stopping Cache Eraser...
TelemetriaClient.exe: 000023FC: 22:04:18 [TUniGUISessionManager]:Cache Eraser Stopped.
TelemetriaClient.exe: 000023FC: 22:04:18 [TUniGUISessionManager]:Destroying Worker Threads.
TelemetriaClient.exe: 000023FC: 22:04:18 [TUniGUISessionManager]:Session manager terminated.
TelemetriaClient.exe: 000023FC: 22:04:18 [TUniWebSocketStack]:Terminating...
TelemetriaClient.exe: 000023FC: 22:04:18 [TUniGUIMessageQ]:Terminated.
TelemetriaClient.exe: 000023FC: 22:04:18 [TUniWebSocketStack]:Terminated.
TelemetriaClient.exe: 000023FC: 22:04:18 [TUniServerModule]:Server Shutdown Completed.
TelemetriaClient.exe: 000023FC: 22:04:18 []:<-------------------------------------------------------------->
TelemetriaClient.exe: 00002940: 22:04:20 []:>--------------------------------------------------------------<
TelemetriaClient.exe: 00002940: 22:04:20 [TUniServerModule]:Server First Init.
TelemetriaClient.exe: 00002940: 22:04:20 [TUniServerModule]:Start Path = C:\yusag\PROJECTS\telemetria\telemetria-client\Win32\Debug\
TelemetriaClient.exe: 00002940: 22:04:20 [TUniGUISessionManager]:Cache erase job created, Folder count: [1]
TelemetriaClient.exe: 00002940: 22:04:20 [TUniServerModule]:Starting HTTP Server on Port: 8077...
TelemetriaClient.exe: 00002940: 22:04:20 [TUniServerModule]:HTTP Server Started on Port: 8077
TelemetriaClient.exe: 000061E4: 22:04:22 [127.0.0.1]:EUniSessionException : Invalid session or session Timeout. (Session not found: YTxqEQR7Eh112CE8513 ) : Addr: $0123BC3F
TelemetriaClient.exe: 000061E4: 22:04:22 [127.0.0.1]:EUniSessionException : Invalid session or session Timeout. (Session not found: YTxqEQR7Eh112CE8513 ) : Addr: $0123BC3F
TelemetriaClient.exe: 00002940: 22:13:27 [TUniServerModule]:Shutting Down Server.
TelemetriaClient.exe: 00002940: 22:13:27 [TUniServerModule]:Stopping HTTP Server.
TelemetriaClient.exe: 00002940: 22:13:28 [TUniServerModule]:HTTP Server Stopped.
TelemetriaClient.exe: 00002940: 22:13:28 [TUniGUISessionManager]:Terminating Session manager.
TelemetriaClient.exe: 00002940: 22:13:28 [TUniGUISessionManager]:Stopping Cache Eraser...
TelemetriaClient.exe: 00002940: 22:13:28 [TUniGUISessionManager]:Cache Eraser Stopped.
TelemetriaClient.exe: 00002940: 22:13:28 [TUniGUISessionManager]:Destroying Worker Threads.
TelemetriaClient.exe: 00002940: 22:13:28 [TUniGUISessionManager]:Session manager terminated.
TelemetriaClient.exe: 00002940: 22:13:28 [TUniWebSocketStack]:Terminating...
TelemetriaClient.exe: 00002940: 22:13:28 [TUniGUIMessageQ]:Terminated.
TelemetriaClient.exe: 00002940: 22:13:28 [TUniWebSocketStack]:Terminated.
TelemetriaClient.exe: 00002940: 22:13:28 [TUniServerModule]:Server Shutdown Completed.
TelemetriaClient.exe: 00002940: 22:13:28 []:<-------------------------------------------------------------->
TelemetriaClient.exe: 0000686C: 22:13:29 []:>--------------------------------------------------------------<
TelemetriaClient.exe: 0000686C: 22:13:29 [TUniServerModule]:Server First Init.
TelemetriaClient.exe: 0000686C: 22:13:29 [TUniServerModule]:Start Path = C:\yusag\PROJECTS\telemetria\telemetria-client\Win32\Debug\
TelemetriaClient.exe: 0000686C: 22:13:29 [TUniGUISessionManager]:Cache erase job created, Folder count: [1]
TelemetriaClient.exe: 0000686C: 22:13:29 [TUniServerModule]:Starting HTTP Server on Port: 8077...
TelemetriaClient.exe: 0000686C: 22:13:29 [TUniServerModule]:HTTP Server Started on Port: 8077
TelemetriaClient.exe: 00005024: 22:13:32 [127.0.0.1]:EUniSessionException : Invalid session or session Timeout. (Session not found: JZ9j6nybcP112CE8656 ) : Addr: $0123BC3F
TelemetriaClient.exe: 00005024: 22:13:32 [127.0.0.1]:EUniSessionException : Invalid session or session Timeout. (Session not found: JZ9j6nybcP112CE8656 ) : Addr: $0123BC3F
TelemetriaClient.exe: 0000686C: 22:25:22 [TUniServerModule]:Shutting Down Server.
TelemetriaClient.exe: 0000686C: 22:25:22 [TUniServerModule]:Stopping HTTP Server.
TelemetriaClient.exe: 0000686C: 22:25:23 [TUniServerModule]:HTTP Server Stopped.
TelemetriaClient.exe: 0000686C: 22:25:23 [TUniGUISessionManager]:Terminating Session manager.
TelemetriaClient.exe: 0000686C: 22:25:23 [TUniGUISessionManager]:Stopping Cache Eraser...
TelemetriaClient.exe: 0000686C: 22:25:23 [TUniGUISessionManager]:Cache Eraser Stopped.
TelemetriaClient.exe: 0000686C: 22:25:23 [TUniGUISessionManager]:Destroying Worker Threads.
TelemetriaClient.exe: 0000686C: 22:25:23 [TUniGUISessionManager]:Session manager terminated.
TelemetriaClient.exe: 0000686C: 22:25:23 [TUniWebSocketStack]:Terminating...
TelemetriaClient.exe: 0000686C: 22:25:23 [TUniGUIMessageQ]:Terminated.
TelemetriaClient.exe: 0000686C: 22:25:23 [TUniWebSocketStack]:Terminated.
TelemetriaClient.exe: 0000686C: 22:25:24 [TUniServerModule]:Server Shutdown Completed.
TelemetriaClient.exe: 0000686C: 22:25:24 []:<-------------------------------------------------------------->
TelemetriaClient.exe: 00002EBC: 22:25:24 []:>--------------------------------------------------------------<
TelemetriaClient.exe: 00002EBC: 22:25:24 [TUniServerModule]:Server First Init.
TelemetriaClient.exe: 00002EBC: 22:25:24 [TUniServerModule]:Start Path = C:\yusag\PROJECTS\telemetria\telemetria-client\Win32\Debug\
TelemetriaClient.exe: 00002EBC: 22:25:24 [TUniGUISessionManager]:Cache erase job created, Folder count: [1]
TelemetriaClient.exe: 00002EBC: 22:25:24 [TUniServerModule]:Starting HTTP Server on Port: 8077...
TelemetriaClient.exe: 00002EBC: 22:25:24 [TUniServerModule]:HTTP Server Started on Port: 8077
TelemetriaClient.exe: 00006624: 22:25:27 [127.0.0.1]:EUniSessionException : Invalid session or session Timeout. (Session not found: tAHQi2A1AN112CE88BF ) : Addr: $0123BC3F
TelemetriaClient.exe: 00006624: 22:25:27 [127.0.0.1]:EUniSessionException : Invalid session or session Timeout. (Session not found: tAHQi2A1AN112CE88BF ) : Addr: $0123BC3F
TelemetriaClient.exe: 00002EBC: 22:26:38 [TUniServerModule]:Shutting Down Server.
TelemetriaClient.exe: 00002EBC: 22:26:38 [TUniServerModule]:Stopping HTTP Server.
TelemetriaClient.exe: 00002EBC: 22:26:39 [TUniServerModule]:HTTP Server Stopped.
TelemetriaClient.exe: 00002EBC: 22:26:39 [TUniGUISessionManager]:Terminating Session manager.
TelemetriaClient.exe: 00002EBC: 22:26:39 [TUniGUISessionManager]:Stopping Cache Eraser...
TelemetriaClient.exe: 00002EBC: 22:26:39 [TUniGUISessionManager]:Cache Eraser Stopped.
TelemetriaClient.exe: 00002EBC: 22:26:39 [TUniGUISessionManager]:Destroying Worker Threads.
TelemetriaClient.exe: 00002EBC: 22:26:39 [TUniGUISessionManager]:Session manager terminated.
TelemetriaClient.exe: 00002EBC: 22:26:39 [TUniWebSocketStack]:Terminating...
TelemetriaClient.exe: 00002EBC: 22:26:39 [TUniGUIMessageQ]:Terminated.
TelemetriaClient.exe: 00002EBC: 22:26:39 [TUniWebSocketStack]:Terminated.
TelemetriaClient.exe: 00002EBC: 22:26:39 [TUniServerModule]:Server Shutdown Completed.
TelemetriaClient.exe: 00002EBC: 22:26:39 []:<-------------------------------------------------------------->
TelemetriaClient.exe: 00006324: 22:26:40 []:>--------------------------------------------------------------<
TelemetriaClient.exe: 00006324: 22:26:40 [TUniServerModule]:Server First Init.
TelemetriaClient.exe: 00006324: 22:26:40 [TUniServerModule]:Start Path = C:\yusag\PROJECTS\telemetria\telemetria-client\Win32\Debug\
TelemetriaClient.exe: 00006324: 22:26:40 [TUniGUISessionManager]:Cache erase job created, Folder count: [1]
TelemetriaClient.exe: 00006324: 22:26:40 [TUniServerModule]:Starting HTTP Server on Port: 8077...
TelemetriaClient.exe: 00006324: 22:26:40 [TUniServerModule]:HTTP Server Started on Port: 8077
TelemetriaClient.exe: 00005F24: 22:26:41 [127.0.0.1]:EUniSessionException : Invalid session or session Timeout. (Session not found: oFMMJV5U5K112CE8BFA ) : Addr: $004CBC3F
TelemetriaClient.exe: 00001D04: 22:39:34 [HandleFileRequest[127.0.0.1]]:File not found: C:\yusag\PROJECTS\telemetria\telemetria-client\Win32\Debug\.well-known\appspecific\com.chrome.devtools.json
TelemetriaClient.exe: 00006324: 22:41:37 [TUniServerModule]:Shutting Down Server.
TelemetriaClient.exe: 00006324: 22:41:37 [TUniServerModule]:Stopping HTTP Server.
TelemetriaClient.exe: 00006324: 22:41:38 [TUniServerModule]:HTTP Server Stopped.
TelemetriaClient.exe: 00006324: 22:41:38 [TUniGUISessionManager]:Terminating Session manager.
TelemetriaClient.exe: 00006324: 22:41:39 [TUniGUISessionManager]:Stopping Cache Eraser...
TelemetriaClient.exe: 00006324: 22:41:39 [TUniGUISessionManager]:Cache Eraser Stopped.
TelemetriaClient.exe: 00006324: 22:41:39 [TUniGUISessionManager]:Destroying Worker Threads.
TelemetriaClient.exe: 00006324: 22:41:39 [TUniGUISessionManager]:Session manager terminated.
TelemetriaClient.exe: 00006324: 22:41:39 [TUniWebSocketStack]:Terminating...
TelemetriaClient.exe: 00006324: 22:41:39 [TUniGUIMessageQ]:Terminated.
TelemetriaClient.exe: 00006324: 22:41:39 [TUniWebSocketStack]:Terminated.
TelemetriaClient.exe: 00006324: 22:41:39 [TUniServerModule]:Server Shutdown Completed.
TelemetriaClient.exe: 00006324: 22:41:39 []:<-------------------------------------------------------------->
TelemetriaClient.exe: 0000666C: 22:41:40 []:>--------------------------------------------------------------<
TelemetriaClient.exe: 0000666C: 22:41:40 [TUniServerModule]:Server First Init.
TelemetriaClient.exe: 0000666C: 22:41:40 [TUniServerModule]:Start Path = C:\yusag\PROJECTS\telemetria\telemetria-client\Win32\Debug\
TelemetriaClient.exe: 0000666C: 22:41:40 [TUniGUISessionManager]:Cache erase job created, Folder count: [1]
TelemetriaClient.exe: 0000666C: 22:41:40 [TUniServerModule]:Starting HTTP Server on Port: 8077...
TelemetriaClient.exe: 0000666C: 22:41:40 [TUniServerModule]:HTTP Server Started on Port: 8077
TelemetriaClient.exe: 00005B88: 22:41:41 [127.0.0.1]:EUniSessionException : Invalid session or session Timeout. (Session not found: OJRc6kWsl7112CE8C51 ) : Addr: $0132BC3F
TelemetriaClient.exe: 0000666C: 22:42:10 [TUniServerModule]:Shutting Down Server.
TelemetriaClient.exe: 0000666C: 22:42:10 [TUniServerModule]:Stopping HTTP Server.
TelemetriaClient.exe: 0000666C: 22:42:11 [TUniServerModule]:HTTP Server Stopped.
TelemetriaClient.exe: 0000666C: 22:42:11 [TUniGUISessionManager]:Terminating Session manager.
TelemetriaClient.exe: 0000666C: 22:42:11 [TUniGUISessionManager]:Stopping Cache Eraser...
TelemetriaClient.exe: 0000666C: 22:42:11 [TUniGUISessionManager]:Cache Eraser Stopped.
TelemetriaClient.exe: 0000666C: 22:42:11 [TUniGUISessionManager]:Destroying Worker Threads.
TelemetriaClient.exe: 0000666C: 22:42:11 [TUniGUISessionManager]:Session manager terminated.
TelemetriaClient.exe: 0000666C: 22:42:11 [TUniWebSocketStack]:Terminating...
TelemetriaClient.exe: 0000666C: 22:42:11 [TUniGUIMessageQ]:Terminated.
TelemetriaClient.exe: 0000666C: 22:42:11 [TUniWebSocketStack]:Terminated.
TelemetriaClient.exe: 0000666C: 22:42:12 [TUniServerModule]:Server Shutdown Completed.
TelemetriaClient.exe: 0000666C: 22:42:12 []:<-------------------------------------------------------------->
TelemetriaClient.exe: 00006AC0: 22:42:13 []:>--------------------------------------------------------------<
TelemetriaClient.exe: 00006AC0: 22:42:13 [TUniServerModule]:Server First Init.
TelemetriaClient.exe: 00006AC0: 22:42:13 [TUniServerModule]:Start Path = C:\yusag\PROJECTS\telemetria\telemetria-client\Win32\Debug\
TelemetriaClient.exe: 00006AC0: 22:42:13 [TUniGUISessionManager]:Cache erase job created, Folder count: [1]
TelemetriaClient.exe: 00006AC0: 22:42:13 [TUniServerModule]:Starting HTTP Server on Port: 8077...
TelemetriaClient.exe: 00006AC0: 22:42:13 [TUniServerModule]:HTTP Server Started on Port: 8077
TelemetriaClient.exe: 000066A4: 22:42:14 [127.0.0.1]:EUniSessionException : Invalid session or session Timeout. (Session not found: swcszT5TdK112CE9062 ) : Addr: $010ABC3F
TelemetriaClient.exe: 00006AC0: 22:42:49 [TUniServerModule]:Shutting Down Server.
TelemetriaClient.exe: 00006AC0: 22:42:49 [TUniServerModule]:Stopping HTTP Server.
TelemetriaClient.exe: 00006AC0: 22:42:50 [TUniServerModule]:HTTP Server Stopped.
TelemetriaClient.exe: 00006AC0: 22:42:50 [TUniGUISessionManager]:Terminating Session manager.
TelemetriaClient.exe: 00006AC0: 22:42:50 [TUniGUISessionManager]:Stopping Cache Eraser...
TelemetriaClient.exe: 00006AC0: 22:42:50 [TUniGUISessionManager]:Cache Eraser Stopped.
TelemetriaClient.exe: 00006AC0: 22:42:50 [TUniGUISessionManager]:Destroying Worker Threads.
TelemetriaClient.exe: 00006AC0: 22:42:51 [TUniGUISessionManager]:Session manager terminated.
TelemetriaClient.exe: 00006AC0: 22:42:51 [TUniWebSocketStack]:Terminating...
TelemetriaClient.exe: 00006AC0: 22:42:51 [TUniGUIMessageQ]:Terminated.
TelemetriaClient.exe: 00006AC0: 22:42:51 [TUniWebSocketStack]:Terminated.
TelemetriaClient.exe: 00006AC0: 22:42:51 [TUniServerModule]:Server Shutdown Completed.
TelemetriaClient.exe: 00006AC0: 22:42:51 []:<-------------------------------------------------------------->
TelemetriaClient.exe: 000024C8: 22:42:52 []:>--------------------------------------------------------------<
TelemetriaClient.exe: 000024C8: 22:42:52 [TUniServerModule]:Server First Init.
TelemetriaClient.exe: 000024C8: 22:42:52 [TUniServerModule]:Start Path = C:\yusag\PROJECTS\telemetria\telemetria-client\Win32\Debug\
TelemetriaClient.exe: 000024C8: 22:42:52 [TUniGUISessionManager]:Cache erase job created, Folder count: [1]
TelemetriaClient.exe: 000024C8: 22:42:52 [TUniServerModule]:Starting HTTP Server on Port: 8077...
TelemetriaClient.exe: 000024C8: 22:42:52 [TUniServerModule]:HTTP Server Started on Port: 8077
TelemetriaClient.exe: 0000072C: 22:42:53 [127.0.0.1]:EUniSessionException : Invalid session or session Timeout. (Session not found: TyPKabfWlw112CE9088 ) : Addr: $00B5BC3F
TelemetriaClient.exe: 00001FB4: 22:43:23 [HandleFileRequest[127.0.0.1]]:File not found: C:\yusag\PROJECTS\telemetria\telemetria-client\Win32\Debug\.well-known\appspecific\com.chrome.devtools.json
TelemetriaClient.exe: 000024C8: 22:44:52 [TUniServerModule]:Shutting Down Server.
TelemetriaClient.exe: 000024C8: 22:44:52 [TUniServerModule]:Stopping HTTP Server.
TelemetriaClient.exe: 000024C8: 22:44:53 [TUniServerModule]:HTTP Server Stopped.
TelemetriaClient.exe: 000024C8: 22:44:53 [TUniGUISessionManager]:Terminating Session manager.
TelemetriaClient.exe: 000024C8: 22:44:53 [TUniGUISessionManager]:Stopping Cache Eraser...
TelemetriaClient.exe: 000024C8: 22:44:53 [TUniGUISessionManager]:Cache Eraser Stopped.
TelemetriaClient.exe: 000024C8: 22:44:53 [TUniGUISessionManager]:Destroying Worker Threads.
TelemetriaClient.exe: 000024C8: 22:44:53 [TUniGUISessionManager]:Session manager terminated.
TelemetriaClient.exe: 000024C8: 22:44:53 [TUniWebSocketStack]:Terminating...
TelemetriaClient.exe: 000024C8: 22:44:53 [TUniGUIMessageQ]:Terminated.
TelemetriaClient.exe: 000024C8: 22:44:53 [TUniWebSocketStack]:Terminated.
TelemetriaClient.exe: 000024C8: 22:44:53 [TUniServerModule]:Server Shutdown Completed.
TelemetriaClient.exe: 000024C8: 22:44:53 []:<-------------------------------------------------------------->
TelemetriaClient.exe: 000030B4: 22:44:54 []:>--------------------------------------------------------------<
TelemetriaClient.exe: 000030B4: 22:44:54 [TUniServerModule]:Server First Init.
TelemetriaClient.exe: 000030B4: 22:44:54 [TUniServerModule]:Start Path = C:\yusag\PROJECTS\telemetria\telemetria-client\Win32\Debug\
TelemetriaClient.exe: 000030B4: 22:44:54 [TUniGUISessionManager]:Cache erase job created, Folder count: [1]
TelemetriaClient.exe: 000030B4: 22:44:54 [TUniServerModule]:Starting HTTP Server on Port: 8077...
TelemetriaClient.exe: 000030B4: 22:44:54 [TUniServerModule]:HTTP Server Started on Port: 8077
TelemetriaClient.exe: 00006748: 22:44:56 [127.0.0.1]:EUniSessionException : Invalid session or session Timeout. (Session not found: 2LJm5zjs6z112CE90B5 ) : Addr: $006DBC3F
TelemetriaClient.exe: 000030B4: 22:46:27 [TUniServerModule]:Shutting Down Server.
TelemetriaClient.exe: 000030B4: 22:46:27 [TUniServerModule]:Stopping HTTP Server.
TelemetriaClient.exe: 000030B4: 22:46:28 [TUniServerModule]:HTTP Server Stopped.
TelemetriaClient.exe: 000030B4: 22:46:28 [TUniGUISessionManager]:Terminating Session manager.
TelemetriaClient.exe: 000030B4: 22:46:28 [TUniGUISessionManager]:Stopping Cache Eraser...
TelemetriaClient.exe: 000030B4: 22:46:28 [TUniGUISessionManager]:Cache Eraser Stopped.
TelemetriaClient.exe: 000030B4: 22:46:28 [TUniGUISessionManager]:Destroying Worker Threads.
TelemetriaClient.exe: 000030B4: 22:46:28 [TUniGUISessionManager]:Session manager terminated.
TelemetriaClient.exe: 000030B4: 22:46:28 [TUniWebSocketStack]:Terminating...
TelemetriaClient.exe: 000030B4: 22:46:28 [TUniGUIMessageQ]:Terminated.
TelemetriaClient.exe: 000030B4: 22:46:28 [TUniWebSocketStack]:Terminated.
TelemetriaClient.exe: 000030B4: 22:46:28 [TUniServerModule]:Server Shutdown Completed.
TelemetriaClient.exe: 000030B4: 22:46:28 []:<-------------------------------------------------------------->
TelemetriaClient.exe: 00000E10: 22:46:30 []:>--------------------------------------------------------------<
TelemetriaClient.exe: 00000E10: 22:46:30 [TUniServerModule]:Server First Init.
TelemetriaClient.exe: 00000E10: 22:46:30 [TUniServerModule]:Start Path = C:\yusag\PROJECTS\telemetria\telemetria-client\Win32\Debug\
TelemetriaClient.exe: 00000E10: 22:46:30 [TUniGUISessionManager]:Cache erase job created, Folder count: [1]
TelemetriaClient.exe: 00000E10: 22:46:30 [TUniServerModule]:Starting HTTP Server on Port: 8077...
TelemetriaClient.exe: 00000E10: 22:46:30 [TUniServerModule]:HTTP Server Started on Port: 8077
TelemetriaClient.exe: 00000958: 22:46:31 [127.0.0.1]:EUniSessionException : Invalid session or session Timeout. (Session not found: HsKT51V6Yx112CE9143 ) : Addr: $009FBC3F
TelemetriaClient.exe: 00000958: 22:46:31 [127.0.0.1]:EUniSessionException : Invalid session or session Timeout. (Session not found: HsKT51V6Yx112CE9143 ) : Addr: $009FBC3F
TelemetriaClient.exe: 00000E10: 22:47:11 [TUniServerModule]:Shutting Down Server.
TelemetriaClient.exe: 00000E10: 22:47:11 [TUniServerModule]:Stopping HTTP Server.
TelemetriaClient.exe: 00000E10: 22:47:12 [TUniServerModule]:HTTP Server Stopped.
TelemetriaClient.exe: 00000E10: 22:47:12 [TUniGUISessionManager]:Terminating Session manager.
TelemetriaClient.exe: 00000E10: 22:47:12 [TUniGUISessionManager]:Stopping Cache Eraser...
TelemetriaClient.exe: 00000E10: 22:47:12 [TUniGUISessionManager]:Cache Eraser Stopped.
TelemetriaClient.exe: 00000E10: 22:47:12 [TUniGUISessionManager]:Destroying Worker Threads.
TelemetriaClient.exe: 00000E10: 22:47:12 [TUniGUISessionManager]:Session manager terminated.
TelemetriaClient.exe: 00000E10: 22:47:12 [TUniWebSocketStack]:Terminating...
TelemetriaClient.exe: 00000E10: 22:47:12 [TUniGUIMessageQ]:Terminated.
TelemetriaClient.exe: 00000E10: 22:47:12 [TUniWebSocketStack]:Terminated.
TelemetriaClient.exe: 00000E10: 22:47:12 [TUniServerModule]:Server Shutdown Completed.
TelemetriaClient.exe: 00000E10: 22:47:12 []:<-------------------------------------------------------------->
TelemetriaClient.exe: 000027A0: 22:47:13 []:>--------------------------------------------------------------<
TelemetriaClient.exe: 000027A0: 22:47:13 [TUniServerModule]:Server First Init.
TelemetriaClient.exe: 000027A0: 22:47:13 [TUniServerModule]:Start Path = C:\yusag\PROJECTS\telemetria\telemetria-client\Win32\Debug\
TelemetriaClient.exe: 000027A0: 22:47:13 [TUniGUISessionManager]:Cache erase job created, Folder count: [1]
TelemetriaClient.exe: 000027A0: 22:47:14 [TUniServerModule]:Starting HTTP Server on Port: 8077...
TelemetriaClient.exe: 000027A0: 22:47:14 [TUniServerModule]:HTTP Server Started on Port: 8077
TelemetriaClient.exe: 00005A28: 22:47:15 [127.0.0.1]:EUniSessionException : Invalid session or session Timeout. (Session not found: 2zjfyuSgaL112CE91B2 ) : Addr: $005CBC3F
TelemetriaClient.exe: 00005A28: 22:47:15 [127.0.0.1]:EUniSessionException : Invalid session or session Timeout. (Session not found: 2zjfyuSgaL112CE91B2 ) : Addr: $005CBC3F
TelemetriaClient.exe: 000039C8: 22:47:22 [HandleFileRequest[127.0.0.1]]:File not found: C:\yusag\PROJECTS\telemetria\telemetria-client\Win32\Debug\.well-known\appspecific\com.chrome.devtools.json
TelemetriaClient.exe: 000030B0: 22:47:46 [127.0.0.1]:EUniSessionException : Invalid session or session Timeout. (Invalid URI: /HandleEvent ) : Addr: $005CBC3F
TelemetriaClient.exe: 000030B0: 22:47:46 [HandleFileRequest[127.0.0.1]]:File not found: C:\yusag\PROJECTS\telemetria\telemetria-client\Win32\Debug\favicon.ico
TelemetriaClient.exe: 00001930: 23:17:28 [127.0.0.1]:EUniSessionException : Invalid session or session Timeout. (Session not found: bWEI3DIW6b112CE91E5 ) : Addr: $005CBC3F
TelemetriaClient.exe: 00000E2C: 23:18:26 [HandleFileRequest[127.0.0.1]]:File not found: C:\yusag\PROJECTS\telemetria\telemetria-client\Win32\Debug\.well-known\appspecific\com.chrome.devtools.json
TelemetriaClient.exe: 000027A0: 23:19:53 [Exit]:Unexpected attempt to terminate server application with Exit Code: 0
