TelemetriaClient.exe: 00005E6C: 00:00:40 [TUniServerModule]:Shutting Down Server.
TelemetriaClient.exe: 00005E6C: 00:00:40 [TUniServerModule]:Stopping HTTP Server.
TelemetriaClient.exe: 00005E6C: 00:00:41 [TUniServerModule]:HTTP Server Stopped.
TelemetriaClient.exe: 00005E6C: 00:00:41 [TUniGUISessionManager]:Terminating Session manager.
TelemetriaClient.exe: 00005E6C: 00:00:41 [TUniGUISessionManager]:Stopping Cache Eraser...
TelemetriaClient.exe: 00005E6C: 00:00:41 [TUniGUISessionManager]:Cache Eraser Stopped.
TelemetriaClient.exe: 00005E6C: 00:00:41 [TUniGUISessionManager]:Destroying Worker Threads.
TelemetriaClient.exe: 00005E6C: 00:00:41 [TUniGUISessionManager]:Session manager terminated.
TelemetriaClient.exe: 00005E6C: 00:00:41 [TUniWebSocketStack]:Terminating...
TelemetriaClient.exe: 00005E6C: 00:00:41 [TUniGUIMessageQ]:Terminated.
TelemetriaClient.exe: 00005E6C: 00:00:41 [TUniWebSocketStack]:Terminated.
TelemetriaClient.exe: 00005E6C: 00:00:41 [TUniServerModule]:Server Shutdown Completed.
TelemetriaClient.exe: 00005E6C: 00:00:41 []:<-------------------------------------------------------------->
TelemetriaClient.exe: 000054B8: 00:00:42 []:>--------------------------------------------------------------<
TelemetriaClient.exe: 000054B8: 00:00:42 [TUniServerModule]:Server First Init.
TelemetriaClient.exe: 000054B8: 00:00:42 [TUniServerModule]:Start Path = C:\yusag\PROJECTS\telemetria\telemetria-client\Win32\Debug\
TelemetriaClient.exe: 000054B8: 00:00:42 [TUniGUISessionManager]:Cache erase job created, Folder count: [1]
TelemetriaClient.exe: 000054B8: 00:00:43 [TUniServerModule]:Starting HTTP Server on Port: 8077...
TelemetriaClient.exe: 000054B8: 00:00:43 [TUniServerModule]:HTTP Server Started on Port: 8077
TelemetriaClient.exe: 00002F08: 00:00:44 [127.0.0.1]:EUniSessionException : Invalid session or session Timeout. (Session not found: X6rJGW97Es112CB97C4 ) : Addr: $0090E237
TelemetriaClient.exe: 000054B8: 00:01:50 [TUniServerModule]:Shutting Down Server.
TelemetriaClient.exe: 000054B8: 00:01:50 [TUniServerModule]:Stopping HTTP Server.
TelemetriaClient.exe: 000054B8: 00:01:51 [TUniServerModule]:HTTP Server Stopped.
TelemetriaClient.exe: 000054B8: 00:01:51 [TUniGUISessionManager]:Terminating Session manager.
TelemetriaClient.exe: 000054B8: 00:01:51 [TUniGUISessionManager]:Stopping Cache Eraser...
TelemetriaClient.exe: 000054B8: 00:01:51 [TUniGUISessionManager]:Cache Eraser Stopped.
TelemetriaClient.exe: 000054B8: 00:01:52 [TUniGUISessionManager]:Destroying Worker Threads.
TelemetriaClient.exe: 000054B8: 00:01:52 [TUniGUISessionManager]:Session manager terminated.
TelemetriaClient.exe: 000054B8: 00:01:52 [TUniWebSocketStack]:Terminating...
TelemetriaClient.exe: 000054B8: 00:01:52 [TUniGUIMessageQ]:Terminated.
TelemetriaClient.exe: 000054B8: 00:01:52 [TUniWebSocketStack]:Terminated.
TelemetriaClient.exe: 000054B8: 00:01:52 [TUniServerModule]:Server Shutdown Completed.
TelemetriaClient.exe: 000054B8: 00:01:52 []:<-------------------------------------------------------------->
TelemetriaClient.exe: 000000CC: 00:01:52 []:>--------------------------------------------------------------<
TelemetriaClient.exe: 000000CC: 00:01:52 [TUniServerModule]:Server First Init.
TelemetriaClient.exe: 000000CC: 00:01:52 [TUniServerModule]:Start Path = C:\yusag\PROJECTS\telemetria\telemetria-client\Win32\Debug\
TelemetriaClient.exe: 000000CC: 00:01:52 [TUniServerModule]:Starting HTTP Server on Port: 8077...
TelemetriaClient.exe: 000000CC: 00:01:52 [TUniServerModule]:HTTP Server Started on Port: 8077
TelemetriaClient.exe: 000000CC: 00:03:46 [TUniServerModule]:Shutting Down Server.
TelemetriaClient.exe: 000000CC: 00:03:46 [TUniServerModule]:Stopping HTTP Server.
TelemetriaClient.exe: 000000CC: 00:03:47 [TUniServerModule]:HTTP Server Stopped.
TelemetriaClient.exe: 000000CC: 00:03:47 [TUniGUISessionManager]:Terminating Session manager.
TelemetriaClient.exe: 000000CC: 00:03:47 [TUniGUISessionManager]:Stopping Cache Eraser...
TelemetriaClient.exe: 000000CC: 00:03:47 [TUniGUISessionManager]:Cache Eraser Stopped.
TelemetriaClient.exe: 000000CC: 00:03:47 [TUniGUISessionManager]:Destroying Worker Threads.
TelemetriaClient.exe: 000000CC: 00:03:47 [TUniGUISessionManager]:Session manager terminated.
TelemetriaClient.exe: 000000CC: 00:03:47 [TUniWebSocketStack]:Terminating...
TelemetriaClient.exe: 000000CC: 00:03:47 [TUniGUIMessageQ]:Terminated.
TelemetriaClient.exe: 000000CC: 00:03:47 [TUniWebSocketStack]:Terminated.
TelemetriaClient.exe: 000000CC: 00:03:47 [TUniServerModule]:Server Shutdown Completed.
TelemetriaClient.exe: 000000CC: 00:03:47 []:<-------------------------------------------------------------->
TelemetriaClient.exe: 000031FC: 00:03:48 []:>--------------------------------------------------------------<
TelemetriaClient.exe: 000031FC: 00:03:48 [TUniServerModule]:Server First Init.
TelemetriaClient.exe: 000031FC: 00:03:48 [TUniServerModule]:Start Path = C:\yusag\PROJECTS\telemetria\telemetria-client\Win32\Debug\
TelemetriaClient.exe: 000031FC: 00:03:48 [TUniGUISessionManager]:Cache erase job created, Folder count: [1]
TelemetriaClient.exe: 000031FC: 00:03:48 [TUniServerModule]:Starting HTTP Server on Port: 8077...
TelemetriaClient.exe: 000031FC: 00:03:48 [TUniServerModule]:HTTP Server Started on Port: 8077
TelemetriaClient.exe: 00001E74: 00:03:49 [127.0.0.1]:EUniSessionException : Invalid session or session Timeout. (Session not found: uGa3cy9MKJ112CB98E4 ) : Addr: $009CE237
TelemetriaClient.exe: 000031FC: 00:08:28 [TUniServerModule]:Shutting Down Server.
TelemetriaClient.exe: 000031FC: 00:08:28 [TUniServerModule]:Stopping HTTP Server.
TelemetriaClient.exe: 000031FC: 00:08:29 [TUniServerModule]:HTTP Server Stopped.
TelemetriaClient.exe: 000031FC: 00:08:29 [TUniGUISessionManager]:Terminating Session manager.
TelemetriaClient.exe: 000031FC: 00:08:29 [TUniGUISessionManager]:Stopping Cache Eraser...
TelemetriaClient.exe: 000031FC: 00:08:29 [TUniGUISessionManager]:Cache Eraser Stopped.
TelemetriaClient.exe: 000031FC: 00:08:29 [TUniGUISessionManager]:Destroying Worker Threads.
TelemetriaClient.exe: 000031FC: 00:08:29 [TUniGUISessionManager]:Session manager terminated.
TelemetriaClient.exe: 000031FC: 00:08:29 [TUniWebSocketStack]:Terminating...
TelemetriaClient.exe: 000031FC: 00:08:29 [TUniGUIMessageQ]:Terminated.
TelemetriaClient.exe: 000031FC: 00:08:29 [TUniWebSocketStack]:Terminated.
TelemetriaClient.exe: 000031FC: 00:08:30 [TUniServerModule]:Server Shutdown Completed.
TelemetriaClient.exe: 000031FC: 00:08:30 []:<-------------------------------------------------------------->
TelemetriaClient.exe: 000031B8: 00:08:30 []:>--------------------------------------------------------------<
TelemetriaClient.exe: 000031B8: 00:08:30 [TUniServerModule]:Server First Init.
TelemetriaClient.exe: 000031B8: 00:08:30 [TUniServerModule]:Start Path = C:\yusag\PROJECTS\telemetria\telemetria-client\Win32\Debug\
TelemetriaClient.exe: 000031B8: 00:08:30 [TUniGUISessionManager]:Cache erase job created, Folder count: [1]
TelemetriaClient.exe: 000031B8: 00:08:30 [TUniServerModule]:Starting HTTP Server on Port: 8077...
TelemetriaClient.exe: 000031B8: 00:08:30 [TUniServerModule]:HTTP Server Started on Port: 8077
TelemetriaClient.exe: 00005160: 00:08:32 [127.0.0.1]:EUniSessionException : Invalid session or session Timeout. (Session not found: f3LjyuJcmX112CB996A ) : Addr: $004CE237
TelemetriaClient.exe: 000031B8: 00:08:44 [TUniServerModule]:Shutting Down Server.
TelemetriaClient.exe: 000031B8: 00:08:44 [TUniServerModule]:Stopping HTTP Server.
TelemetriaClient.exe: 000031B8: 00:08:45 [TUniServerModule]:HTTP Server Stopped.
TelemetriaClient.exe: 000031B8: 00:08:45 [TUniGUISessionManager]:Terminating Session manager.
TelemetriaClient.exe: 000031B8: 00:08:45 [TUniGUISessionManager]:Stopping Cache Eraser...
TelemetriaClient.exe: 000031B8: 00:08:45 [TUniGUISessionManager]:Cache Eraser Stopped.
TelemetriaClient.exe: 000031B8: 00:08:45 [TUniGUISessionManager]:Destroying Worker Threads.
TelemetriaClient.exe: 000031B8: 00:08:45 [TUniGUISessionManager]:Session manager terminated.
TelemetriaClient.exe: 000031B8: 00:08:45 [TUniWebSocketStack]:Terminating...
TelemetriaClient.exe: 000031B8: 00:08:45 [TUniGUIMessageQ]:Terminated.
TelemetriaClient.exe: 000031B8: 00:08:45 [TUniWebSocketStack]:Terminated.
TelemetriaClient.exe: 000031B8: 00:08:45 [TUniServerModule]:Server Shutdown Completed.
TelemetriaClient.exe: 000031B8: 00:08:45 []:<-------------------------------------------------------------->
TelemetriaClient.exe: 00006200: 00:08:47 []:>--------------------------------------------------------------<
TelemetriaClient.exe: 00006200: 00:08:47 [TUniServerModule]:Server First Init.
TelemetriaClient.exe: 00006200: 00:08:47 [TUniServerModule]:Start Path = C:\yusag\PROJECTS\telemetria\telemetria-client\Win32\Debug\
TelemetriaClient.exe: 00006200: 00:08:47 [TUniGUISessionManager]:Cache erase job created, Folder count: [1]
TelemetriaClient.exe: 00006200: 00:08:47 [TUniServerModule]:Starting HTTP Server on Port: 8077...
TelemetriaClient.exe: 00006200: 00:08:47 [TUniServerModule]:HTTP Server Started on Port: 8077
TelemetriaClient.exe: 00006200: 00:12:36 [TUniServerModule]:Shutting Down Server.
TelemetriaClient.exe: 00006200: 00:12:36 [TUniServerModule]:Stopping HTTP Server.
TelemetriaClient.exe: 00006200: 00:12:37 [TUniServerModule]:HTTP Server Stopped.
TelemetriaClient.exe: 00006200: 00:12:37 [TUniGUISessionManager]:Terminating Session manager.
TelemetriaClient.exe: 00006200: 00:12:37 [TUniGUISessionManager]:Stopping Cache Eraser...
TelemetriaClient.exe: 00006200: 00:12:37 [TUniGUISessionManager]:Cache Eraser Stopped.
TelemetriaClient.exe: 00006200: 00:12:37 [TUniGUISessionManager]:Destroying Worker Threads.
TelemetriaClient.exe: 00006200: 00:12:37 [TUniGUISessionManager]:Session manager terminated.
TelemetriaClient.exe: 00006200: 00:12:37 [TUniWebSocketStack]:Terminating...
TelemetriaClient.exe: 00006200: 00:12:37 [TUniGUIMessageQ]:Terminated.
TelemetriaClient.exe: 00006200: 00:12:37 [TUniWebSocketStack]:Terminated.
TelemetriaClient.exe: 00006200: 00:12:37 [TUniServerModule]:Server Shutdown Completed.
TelemetriaClient.exe: 00006200: 00:12:37 []:<-------------------------------------------------------------->
TelemetriaClient.exe: 00002050: 00:12:39 []:>--------------------------------------------------------------<
TelemetriaClient.exe: 00002050: 00:12:39 [TUniServerModule]:Server First Init.
TelemetriaClient.exe: 00002050: 00:12:39 [TUniServerModule]:Start Path = C:\yusag\PROJECTS\telemetria\telemetria-client\Win32\Debug\
TelemetriaClient.exe: 00002050: 00:12:39 [TUniGUISessionManager]:Cache erase job created, Folder count: [1]
TelemetriaClient.exe: 00002050: 00:12:39 [TUniServerModule]:Starting HTTP Server on Port: 8077...
TelemetriaClient.exe: 00002050: 00:12:39 [TUniServerModule]:HTTP Server Started on Port: 8077
TelemetriaClient.exe: 00002694: 00:12:40 [127.0.0.1]:EUniSessionException : Invalid session or session Timeout. (Session not found: 8GPBDQAuU2112CB9AC4 ) : Addr: $00D7E237
TelemetriaClient.exe: 00002050: 00:20:03 [TUniServerModule]:Shutting Down Server.
TelemetriaClient.exe: 00002050: 00:20:03 [TUniServerModule]:Stopping HTTP Server.
TelemetriaClient.exe: 00002050: 00:20:04 [TUniServerModule]:HTTP Server Stopped.
TelemetriaClient.exe: 00002050: 00:20:04 [TUniGUISessionManager]:Terminating Session manager.
TelemetriaClient.exe: 00002050: 00:20:04 [TUniGUISessionManager]:Stopping Cache Eraser...
TelemetriaClient.exe: 00002050: 00:20:04 [TUniGUISessionManager]:Cache Eraser Stopped.
TelemetriaClient.exe: 00002050: 00:20:04 [TUniGUISessionManager]:Destroying Worker Threads.
TelemetriaClient.exe: 00002050: 00:20:04 [TUniGUISessionManager]:Session manager terminated.
TelemetriaClient.exe: 00002050: 00:20:04 [TUniWebSocketStack]:Terminating...
TelemetriaClient.exe: 00002050: 00:20:04 [TUniGUIMessageQ]:Terminated.
TelemetriaClient.exe: 00002050: 00:20:04 [TUniWebSocketStack]:Terminated.
TelemetriaClient.exe: 00002050: 00:20:04 [TUniServerModule]:Server Shutdown Completed.
TelemetriaClient.exe: 00002050: 00:20:04 []:<-------------------------------------------------------------->
TelemetriaClient.exe: 00004534: 00:20:05 []:>--------------------------------------------------------------<
TelemetriaClient.exe: 00004534: 00:20:05 [TUniServerModule]:Server First Init.
TelemetriaClient.exe: 00004534: 00:20:05 [TUniServerModule]:Start Path = C:\yusag\PROJECTS\telemetria\telemetria-client\Win32\Debug\
TelemetriaClient.exe: 00004534: 00:20:05 [TUniGUISessionManager]:Cache erase job created, Folder count: [1]
TelemetriaClient.exe: 00004534: 00:20:05 [TUniServerModule]:Starting HTTP Server on Port: 8077...
TelemetriaClient.exe: 00004534: 00:20:05 [TUniServerModule]:HTTP Server Started on Port: 8077
TelemetriaClient.exe: 00004C34: 00:20:06 [127.0.0.1]:EUniSessionException : Invalid session or session Timeout. (Session not found: 7aSgcoCNWV112CB9BD0 ) : Addr: $0120E237
TelemetriaClient.exe: 00004534: 00:22:19 [TUniServerModule]:Shutting Down Server.
TelemetriaClient.exe: 00004534: 00:22:19 [TUniServerModule]:Stopping HTTP Server.
TelemetriaClient.exe: 00004534: 00:22:20 [TUniServerModule]:HTTP Server Stopped.
TelemetriaClient.exe: 00004534: 00:22:20 [TUniGUISessionManager]:Terminating Session manager.
TelemetriaClient.exe: 00004534: 00:22:20 [TUniGUISessionManager]:Stopping Cache Eraser...
TelemetriaClient.exe: 00004534: 00:22:20 [TUniGUISessionManager]:Cache Eraser Stopped.
TelemetriaClient.exe: 00004534: 00:22:20 [TUniGUISessionManager]:Destroying Worker Threads.
TelemetriaClient.exe: 00004534: 00:22:20 [TUniGUISessionManager]:Session manager terminated.
TelemetriaClient.exe: 00004534: 00:22:20 [TUniWebSocketStack]:Terminating...
TelemetriaClient.exe: 00004534: 00:22:20 [TUniGUIMessageQ]:Terminated.
TelemetriaClient.exe: 00004534: 00:22:20 [TUniWebSocketStack]:Terminated.
TelemetriaClient.exe: 00004534: 00:22:20 [TUniServerModule]:Server Shutdown Completed.
TelemetriaClient.exe: 00004534: 00:22:20 []:<-------------------------------------------------------------->
TelemetriaClient.exe: 00000F28: 00:22:20 []:>--------------------------------------------------------------<
TelemetriaClient.exe: 00000F28: 00:22:21 [TUniServerModule]:Server First Init.
TelemetriaClient.exe: 00000F28: 00:22:21 [TUniServerModule]:Start Path = C:\yusag\PROJECTS\telemetria\telemetria-client\Win32\Debug\
TelemetriaClient.exe: 00000F28: 00:22:21 [TUniGUISessionManager]:Cache erase job created, Folder count: [1]
TelemetriaClient.exe: 00000F28: 00:22:21 [TUniServerModule]:Starting HTTP Server on Port: 8077...
TelemetriaClient.exe: 00000F28: 00:22:21 [TUniServerModule]:HTTP Server Started on Port: 8077
TelemetriaClient.exe: 0000107C: 00:22:22 [127.0.0.1]:EUniSessionException : Invalid session or session Timeout. (Session not found: qQgoeJNOgX112CB9DD4 ) : Addr: $00E5E237
TelemetriaClient.exe: 0000107C: 00:22:22 [127.0.0.1]:EUniSessionException : Invalid session or session Timeout. (Session not found: qQgoeJNOgX112CB9DD4 ) : Addr: $00E5E237
TelemetriaClient.exe: 00005140: 00:22:40 [HandleFileRequest[127.0.0.1]]:File not found: C:\yusag\PROJECTS\telemetria\telemetria-client\Win32\Debug\.well-known\appspecific\com.chrome.devtools.json
TelemetriaClient.exe: 00000F28: 00:25:00 [TUniServerModule]:Shutting Down Server.
TelemetriaClient.exe: 00000F28: 00:25:00 [TUniServerModule]:Stopping HTTP Server.
TelemetriaClient.exe: 00000F28: 00:25:01 [TUniServerModule]:HTTP Server Stopped.
TelemetriaClient.exe: 00000F28: 00:25:01 [TUniGUISessionManager]:Terminating Session manager.
TelemetriaClient.exe: 00000F28: 00:25:01 [TUniGUISessionManager]:Stopping Cache Eraser...
TelemetriaClient.exe: 00000F28: 00:25:01 [TUniGUISessionManager]:Cache Eraser Stopped.
TelemetriaClient.exe: 00000F28: 00:25:01 [TUniGUISessionManager]:Destroying Worker Threads.
TelemetriaClient.exe: 00000F28: 00:25:01 [TUniGUISessionManager]:Session manager terminated.
TelemetriaClient.exe: 00000F28: 00:25:01 [TUniWebSocketStack]:Terminating...
TelemetriaClient.exe: 00000F28: 00:25:01 [TUniGUIMessageQ]:Terminated.
TelemetriaClient.exe: 00000F28: 00:25:01 [TUniWebSocketStack]:Terminated.
TelemetriaClient.exe: 00000F28: 00:25:01 [TUniServerModule]:Server Shutdown Completed.
TelemetriaClient.exe: 00000F28: 00:25:01 []:<-------------------------------------------------------------->
TelemetriaClient.exe: 0000198C: 00:25:02 []:>--------------------------------------------------------------<
TelemetriaClient.exe: 0000198C: 00:25:02 [TUniServerModule]:Server First Init.
TelemetriaClient.exe: 0000198C: 00:25:02 [TUniServerModule]:Start Path = C:\yusag\PROJECTS\telemetria\telemetria-client\Win32\Debug\
TelemetriaClient.exe: 0000198C: 00:25:02 [TUniGUISessionManager]:Cache erase job created, Folder count: [1]
TelemetriaClient.exe: 0000198C: 00:25:02 [TUniServerModule]:Starting HTTP Server on Port: 8077...
TelemetriaClient.exe: 0000198C: 00:25:02 [TUniServerModule]:HTTP Server Started on Port: 8077
TelemetriaClient.exe: 00004D24: 00:25:03 [127.0.0.1]:EUniSessionException : Invalid session or session Timeout. (Session not found: 6FZFxC2UPO112CB9E72 ) : Addr: $00A8E237
TelemetriaClient.exe: 0000198C: 00:26:37 [TUniServerModule]:Shutting Down Server.
TelemetriaClient.exe: 0000198C: 00:26:37 [TUniServerModule]:Stopping HTTP Server.
TelemetriaClient.exe: 0000198C: 00:26:37 [TUniServerModule]:HTTP Server Stopped.
TelemetriaClient.exe: 0000198C: 00:26:37 [TUniGUISessionManager]:Terminating Session manager.
TelemetriaClient.exe: 0000198C: 00:26:37 [TUniGUISessionManager]:Stopping Cache Eraser...
TelemetriaClient.exe: 0000198C: 00:26:37 [TUniGUISessionManager]:Cache Eraser Stopped.
TelemetriaClient.exe: 0000198C: 00:26:37 [TUniGUISessionManager]:Destroying Worker Threads.
TelemetriaClient.exe: 0000198C: 00:26:37 [TUniGUISessionManager]:Session manager terminated.
TelemetriaClient.exe: 0000198C: 00:26:37 [TUniWebSocketStack]:Terminating...
TelemetriaClient.exe: 0000198C: 00:26:37 [TUniGUIMessageQ]:Terminated.
TelemetriaClient.exe: 0000198C: 00:26:37 [TUniWebSocketStack]:Terminated.
TelemetriaClient.exe: 0000198C: 00:26:37 [TUniServerModule]:Server Shutdown Completed.
TelemetriaClient.exe: 0000198C: 00:26:37 []:<-------------------------------------------------------------->
TelemetriaClient.exe: 000029D4: 00:26:39 []:>--------------------------------------------------------------<
TelemetriaClient.exe: 000029D4: 00:26:39 [TUniServerModule]:Server First Init.
TelemetriaClient.exe: 000029D4: 00:26:39 [TUniServerModule]:Start Path = C:\yusag\PROJECTS\telemetria\telemetria-client\Win32\Debug\
TelemetriaClient.exe: 000029D4: 00:26:39 [TUniGUISessionManager]:Cache erase job created, Folder count: [1]
TelemetriaClient.exe: 000029D4: 00:26:39 [TUniServerModule]:Starting HTTP Server on Port: 8077...
TelemetriaClient.exe: 000029D4: 00:26:39 [TUniServerModule]:HTTP Server Started on Port: 8077
TelemetriaClient.exe: 00001A84: 00:26:40 [127.0.0.1]:EUniSessionException : Invalid session or session Timeout. (Session not found: 5GaW7iZqj7112CB9F2C ) : Addr: $010CE237
TelemetriaClient.exe: 00005F4C: 00:26:40 [127.0.0.1]:EUniSessionException : Invalid session or session Timeout. (Session not found: 5GaW7iZqj7112CB9F2C ) : Addr: $010CE237
TelemetriaClient.exe: 000029D4: 00:31:03 [TUniServerModule]:Shutting Down Server.
TelemetriaClient.exe: 000029D4: 00:31:03 [TUniServerModule]:Stopping HTTP Server.
TelemetriaClient.exe: 000029D4: 00:31:04 [TUniServerModule]:HTTP Server Stopped.
TelemetriaClient.exe: 000029D4: 00:31:04 [TUniGUISessionManager]:Terminating Session manager.
TelemetriaClient.exe: 000029D4: 00:31:04 [TUniGUISessionManager]:Stopping Cache Eraser...
TelemetriaClient.exe: 000029D4: 00:31:04 [TUniGUISessionManager]:Cache Eraser Stopped.
TelemetriaClient.exe: 000029D4: 00:31:05 [TUniGUISessionManager]:Destroying Worker Threads.
TelemetriaClient.exe: 000029D4: 00:31:05 [TUniGUISessionManager]:Session manager terminated.
TelemetriaClient.exe: 000029D4: 00:31:05 [TUniWebSocketStack]:Terminating...
TelemetriaClient.exe: 000029D4: 00:31:05 [TUniGUIMessageQ]:Terminated.
TelemetriaClient.exe: 000029D4: 00:31:05 [TUniWebSocketStack]:Terminated.
TelemetriaClient.exe: 000029D4: 00:31:05 [TUniServerModule]:Server Shutdown Completed.
TelemetriaClient.exe: 000029D4: 00:31:05 []:<-------------------------------------------------------------->
TelemetriaClient.exe: 0000198C: 00:31:05 []:>--------------------------------------------------------------<
TelemetriaClient.exe: 0000198C: 00:31:05 [TUniServerModule]:Server First Init.
TelemetriaClient.exe: 0000198C: 00:31:05 [TUniServerModule]:Start Path = C:\yusag\PROJECTS\telemetria\telemetria-client\Win32\Debug\
TelemetriaClient.exe: 0000198C: 00:31:05 [TUniGUISessionManager]:Cache erase job created, Folder count: [1]
TelemetriaClient.exe: 0000198C: 00:31:05 [TUniServerModule]:Starting HTTP Server on Port: 8077...
TelemetriaClient.exe: 0000198C: 00:31:05 [TUniServerModule]:HTTP Server Started on Port: 8077
TelemetriaClient.exe: 00001870: 00:31:06 [127.0.0.1]:EUniSessionException : Invalid session or session Timeout. (Session not found: MJ22lE82Q5112CB9F9C ) : Addr: $00F5E237
TelemetriaClient.exe: 00001870: 00:31:06 [127.0.0.1]:EUniSessionException : Invalid session or session Timeout. (Session not found: MJ22lE82Q5112CB9F9C ) : Addr: $00F5E237
TelemetriaClient.exe: 0000198C: 00:34:15 [TUniServerModule]:Shutting Down Server.
TelemetriaClient.exe: 0000198C: 00:34:15 [TUniServerModule]:Stopping HTTP Server.
TelemetriaClient.exe: 0000198C: 00:34:16 [TUniServerModule]:HTTP Server Stopped.
TelemetriaClient.exe: 0000198C: 00:34:16 [TUniGUISessionManager]:Terminating Session manager.
TelemetriaClient.exe: 0000198C: 00:34:16 [TUniGUISessionManager]:Stopping Cache Eraser...
TelemetriaClient.exe: 0000198C: 00:34:16 [TUniGUISessionManager]:Cache Eraser Stopped.
TelemetriaClient.exe: 0000198C: 00:34:16 [TUniGUISessionManager]:Destroying Worker Threads.
TelemetriaClient.exe: 0000198C: 00:34:16 [TUniGUISessionManager]:Session manager terminated.
TelemetriaClient.exe: 0000198C: 00:34:16 [TUniWebSocketStack]:Terminating...
TelemetriaClient.exe: 0000198C: 00:34:16 [TUniGUIMessageQ]:Terminated.
TelemetriaClient.exe: 0000198C: 00:34:16 [TUniWebSocketStack]:Terminated.
TelemetriaClient.exe: 0000198C: 00:34:16 [TUniServerModule]:Server Shutdown Completed.
TelemetriaClient.exe: 0000198C: 00:34:16 []:<-------------------------------------------------------------->
TelemetriaClient.exe: 00004A44: 00:34:18 []:>--------------------------------------------------------------<
TelemetriaClient.exe: 00004A44: 00:34:18 [TUniServerModule]:Server First Init.
TelemetriaClient.exe: 00004A44: 00:34:18 [TUniServerModule]:Start Path = C:\yusag\PROJECTS\telemetria\telemetria-client\Win32\Debug\
TelemetriaClient.exe: 00004A44: 00:34:18 [TUniGUISessionManager]:Cache erase job created, Folder count: [1]
TelemetriaClient.exe: 00004A44: 00:34:18 [TUniServerModule]:Starting HTTP Server on Port: 8077...
TelemetriaClient.exe: 00004A44: 00:34:18 [TUniServerModule]:HTTP Server Started on Port: 8077
TelemetriaClient.exe: 00006014: 00:34:19 [127.0.0.1]:EUniSessionException : Invalid session or session Timeout. (Session not found: aiEf298rPy112CBA186 ) : Addr: $006AE237
TelemetriaClient.exe: 00004A44: 00:34:41 [TUniServerModule]:Shutting Down Server.
TelemetriaClient.exe: 00004A44: 00:34:41 [TUniServerModule]:Stopping HTTP Server.
TelemetriaClient.exe: 00004A44: 00:34:42 [TUniServerModule]:HTTP Server Stopped.
TelemetriaClient.exe: 00004A44: 00:34:42 [TUniGUISessionManager]:Terminating Session manager.
TelemetriaClient.exe: 00004A44: 00:34:42 [TUniGUISessionManager]:Stopping Cache Eraser...
TelemetriaClient.exe: 00004A44: 00:34:42 [TUniGUISessionManager]:Cache Eraser Stopped.
TelemetriaClient.exe: 00004A44: 00:34:42 [TUniGUISessionManager]:Destroying Worker Threads.
TelemetriaClient.exe: 00004A44: 00:34:43 [TUniGUISessionManager]:Session manager terminated.
TelemetriaClient.exe: 00004A44: 00:34:43 [TUniWebSocketStack]:Terminating...
TelemetriaClient.exe: 00004A44: 00:34:43 [TUniGUIMessageQ]:Terminated.
TelemetriaClient.exe: 00004A44: 00:34:43 [TUniWebSocketStack]:Terminated.
TelemetriaClient.exe: 00004A44: 00:34:43 [TUniServerModule]:Server Shutdown Completed.
TelemetriaClient.exe: 00004A44: 00:34:43 []:<-------------------------------------------------------------->
TelemetriaClient.exe: 00000A48: 00:34:44 []:>--------------------------------------------------------------<
TelemetriaClient.exe: 00000A48: 00:34:44 [TUniServerModule]:Server First Init.
TelemetriaClient.exe: 00000A48: 00:34:44 [TUniServerModule]:Start Path = C:\yusag\PROJECTS\telemetria\telemetria-client\Win32\Debug\
TelemetriaClient.exe: 00000A48: 00:34:44 [TUniGUISessionManager]:Cache erase job created, Folder count: [1]
TelemetriaClient.exe: 00000A48: 00:34:45 [TUniServerModule]:Starting HTTP Server on Port: 8077...
TelemetriaClient.exe: 00000A48: 00:34:45 [TUniServerModule]:HTTP Server Started on Port: 8077
TelemetriaClient.exe: 000057CC: 00:34:45 [127.0.0.1]:EUniSessionException : Invalid session or session Timeout. (Session not found: 1cXkwqtYJj112CBA1B0 ) : Addr: $0077E237
TelemetriaClient.exe: 00000A48: 00:42:42 [TUniServerModule]:Shutting Down Server.
TelemetriaClient.exe: 00000A48: 00:42:42 [TUniServerModule]:Stopping HTTP Server.
TelemetriaClient.exe: 00000A48: 00:42:44 [TUniServerModule]:HTTP Server Stopped.
TelemetriaClient.exe: 00000A48: 00:42:44 [TUniGUISessionManager]:Terminating Session manager.
TelemetriaClient.exe: 00000A48: 00:42:44 [TUniGUISessionManager]:Stopping Cache Eraser...
TelemetriaClient.exe: 00000A48: 00:42:44 [TUniGUISessionManager]:Cache Eraser Stopped.
TelemetriaClient.exe: 00000A48: 00:42:44 [TUniGUISessionManager]:Destroying Worker Threads.
TelemetriaClient.exe: 00000A48: 00:42:44 [TUniGUISessionManager]:Session manager terminated.
TelemetriaClient.exe: 00000A48: 00:42:44 [TUniWebSocketStack]:Terminating...
TelemetriaClient.exe: 00000A48: 00:42:44 [TUniGUIMessageQ]:Terminated.
TelemetriaClient.exe: 00000A48: 00:42:44 [TUniWebSocketStack]:Terminated.
TelemetriaClient.exe: 00000A48: 00:42:44 [TUniServerModule]:Server Shutdown Completed.
TelemetriaClient.exe: 00000A48: 00:42:44 []:<-------------------------------------------------------------->
TelemetriaClient.exe: 000054F8: 00:42:47 []:>--------------------------------------------------------------<
TelemetriaClient.exe: 000054F8: 00:42:47 [TUniServerModule]:Server First Init.
TelemetriaClient.exe: 000054F8: 00:42:47 [TUniServerModule]:Start Path = C:\yusag\PROJECTS\telemetria\telemetria-client\Win32\Debug\
TelemetriaClient.exe: 000054F8: 00:42:47 [TUniGUISessionManager]:Cache erase job created, Folder count: [1]
TelemetriaClient.exe: 000054F8: 00:42:47 [TUniServerModule]:Starting HTTP Server on Port: 8077...
TelemetriaClient.exe: 000054F8: 00:42:47 [TUniServerModule]:HTTP Server Started on Port: 8077
TelemetriaClient.exe: 00001EDC: 00:42:48 [127.0.0.1]:EUniSessionException : Invalid session or session Timeout. (Session not found: zXgb4RpHGj112CBA3CF ) : Addr: $010CE237
TelemetriaClient.exe: 000054F8: 00:47:16 [Exit]:Unexpected attempt to terminate server application with Exit Code: 0
